[3.029s] Invoking command in '/home/pi/ros2_ws/src/lidar_slam_bringup': CMAKE_PREFIX_PATH=/home/pi/ros2_ws/install/rf2o_laser_odometry:/home/pi/ros2_ws/install/ldlidar_ros2:/home/pi/ros2_ws/install/ydlidar_ros2_driver:/home/pi/ros2_ws/install/ldlidar_sl_ros2:/home/pi/yahboomcar_ws/install/ydlidar_ros2_driver:/home/pi/yahboomcar_ws/install/slam_gmapping:/home/pi/yahboomcar_ws/install/rf2o_laser_odometry:/home/pi/yahboomcar_ws/install/openslam_gmapping PYTHONPATH=/home/pi/ros2_ws/build/lidar_slam_bringup/prefix_override:/usr/lib/python3/dist-packages/colcon_core/task/python/colcon_distutils_commands:/home/pi/ros2_ws/install/lidar_slam_bringup/lib/python3.10/site-packages:${PYTHONPATH} /usr/bin/python3 -W ignore:setup.py install is deprecated -W ignore:easy_install command is deprecated setup.py egg_info --egg-base ../../build/lidar_slam_bringup build --build-base /home/pi/ros2_ws/build/lidar_slam_bringup/build install --record /home/pi/ros2_ws/build/lidar_slam_bringup/install.log --single-version-externally-managed install_data
[4.129s] running egg_info
[4.133s] writing ../../build/lidar_slam_bringup/lidar_slam_bringup.egg-info/PKG-INFO
[4.135s] writing dependency_links to ../../build/lidar_slam_bringup/lidar_slam_bringup.egg-info/dependency_links.txt
[4.137s] writing entry points to ../../build/lidar_slam_bringup/lidar_slam_bringup.egg-info/entry_points.txt
[4.139s] writing requirements to ../../build/lidar_slam_bringup/lidar_slam_bringup.egg-info/requires.txt
[4.140s] writing top-level names to ../../build/lidar_slam_bringup/lidar_slam_bringup.egg-info/top_level.txt
[4.148s] reading manifest file '../../build/lidar_slam_bringup/lidar_slam_bringup.egg-info/SOURCES.txt'
[4.153s] writing manifest file '../../build/lidar_slam_bringup/lidar_slam_bringup.egg-info/SOURCES.txt'
[4.153s] running build
[4.154s] running build_py
[4.155s] running install
[4.157s] running install_lib
[4.162s] running install_data
[4.163s] running install_egg_info
[4.171s] removing '/home/pi/ros2_ws/install/lidar_slam_bringup/lib/python3.10/site-packages/lidar_slam_bringup-0.1.0-py3.10.egg-info' (and everything under it)
[4.174s] Copying ../../build/lidar_slam_bringup/lidar_slam_bringup.egg-info to /home/pi/ros2_ws/install/lidar_slam_bringup/lib/python3.10/site-packages/lidar_slam_bringup-0.1.0-py3.10.egg-info
[4.181s] running install_scripts
[4.265s] Installing imu_node script to /home/pi/ros2_ws/install/lidar_slam_bringup/lib/lidar_slam_bringup
[4.266s] writing list of installed files to '/home/pi/ros2_ws/build/lidar_slam_bringup/install.log'
[4.396s] Invoked command in '/home/pi/ros2_ws/src/lidar_slam_bringup' returned '0': CMAKE_PREFIX_PATH=/home/pi/ros2_ws/install/rf2o_laser_odometry:/home/pi/ros2_ws/install/ldlidar_ros2:/home/pi/ros2_ws/install/ydlidar_ros2_driver:/home/pi/ros2_ws/install/ldlidar_sl_ros2:/home/pi/yahboomcar_ws/install/ydlidar_ros2_driver:/home/pi/yahboomcar_ws/install/slam_gmapping:/home/pi/yahboomcar_ws/install/rf2o_laser_odometry:/home/pi/yahboomcar_ws/install/openslam_gmapping PYTHONPATH=/home/pi/ros2_ws/build/lidar_slam_bringup/prefix_override:/usr/lib/python3/dist-packages/colcon_core/task/python/colcon_distutils_commands:/home/pi/ros2_ws/install/lidar_slam_bringup/lib/python3.10/site-packages:${PYTHONPATH} /usr/bin/python3 -W ignore:setup.py install is deprecated -W ignore:easy_install command is deprecated setup.py egg_info --egg-base ../../build/lidar_slam_bringup build --build-base /home/pi/ros2_ws/build/lidar_slam_bringup/build install --record /home/pi/ros2_ws/build/lidar_slam_bringup/install.log --single-version-externally-managed install_data
