[2.660s] Invoking command in '/home/pi/ros2_ws/build/lidar_slam_bringup': AMENT_PREFIX_PATH=/home/pi/ros2_ws/install/ydlidar_ros2_driver:/home/pi/ros2_ws/install/rf2o_laser_odometry:${AMENT_PREFIX_PATH} CMAKE_PREFIX_PATH=/home/pi/ros2_ws/install/ydlidar_ros2_driver:/home/pi/ros2_ws/install/rf2o_laser_odometry:${CMAKE_PREFIX_PATH} PYTHONPATH=/home/pi/ros2_ws/build/lidar_slam_bringup/prefix_override:/usr/lib/python3/dist-packages/colcon_core/task/python/colcon_distutils_commands:/home/pi/ros2_ws/install/lidar_slam_bringup/lib/python3.10/site-packages:${PYTHONPATH} /usr/bin/python3 -W ignore:setup.py install is deprecated -W ignore:easy_install command is deprecated setup.py develop --editable --build-directory /home/pi/ros2_ws/build/lidar_slam_bringup/build --no-deps symlink_data --force
[3.757s] running develop
[4.406s] running egg_info
[4.406s] writing lidar_slam_bringup.egg-info/PKG-INFO
[4.407s] writing dependency_links to lidar_slam_bringup.egg-info/dependency_links.txt
[4.408s] writing entry points to lidar_slam_bringup.egg-info/entry_points.txt
[4.409s] writing requirements to lidar_slam_bringup.egg-info/requires.txt
[4.410s] writing top-level names to lidar_slam_bringup.egg-info/top_level.txt
[4.417s] reading manifest file 'lidar_slam_bringup.egg-info/SOURCES.txt'
[4.421s] writing manifest file 'lidar_slam_bringup.egg-info/SOURCES.txt'
[4.427s] running build_ext
[4.428s] Creating /home/pi/ros2_ws/install/lidar_slam_bringup/lib/python3.10/site-packages/lidar-slam-bringup.egg-link (link to .)
[4.431s] Installing imu_node script to /home/pi/ros2_ws/install/lidar_slam_bringup/lib/lidar_slam_bringup
[4.432s] 
[4.433s] Installed /home/pi/ros2_ws/build/lidar_slam_bringup
[4.434s] running symlink_data
[4.435s] symbolically linking /home/pi/ros2_ws/build/lidar_slam_bringup/resource/lidar_slam_bringup -> /home/pi/ros2_ws/install/lidar_slam_bringup/share/ament_index/resource_index/packages
[4.436s] symbolically linking /home/pi/ros2_ws/build/lidar_slam_bringup/package.xml -> /home/pi/ros2_ws/install/lidar_slam_bringup/share/lidar_slam_bringup
[4.437s] symbolically linking /home/pi/ros2_ws/build/lidar_slam_bringup/launch/slam.launch.py -> /home/pi/ros2_ws/install/lidar_slam_bringup/share/lidar_slam_bringup/launch
[4.438s] symbolically linking /home/pi/ros2_ws/build/lidar_slam_bringup/config/ekf.yaml -> /home/pi/ros2_ws/install/lidar_slam_bringup/share/lidar_slam_bringup/config
[4.439s] symbolically linking /home/pi/ros2_ws/build/lidar_slam_bringup/config/slam_toolbox.yaml -> /home/pi/ros2_ws/install/lidar_slam_bringup/share/lidar_slam_bringup/config
[4.571s] Invoked command in '/home/pi/ros2_ws/build/lidar_slam_bringup' returned '0': AMENT_PREFIX_PATH=/home/pi/ros2_ws/install/ydlidar_ros2_driver:/home/pi/ros2_ws/install/rf2o_laser_odometry:${AMENT_PREFIX_PATH} CMAKE_PREFIX_PATH=/home/pi/ros2_ws/install/ydlidar_ros2_driver:/home/pi/ros2_ws/install/rf2o_laser_odometry:${CMAKE_PREFIX_PATH} PYTHONPATH=/home/pi/ros2_ws/build/lidar_slam_bringup/prefix_override:/usr/lib/python3/dist-packages/colcon_core/task/python/colcon_distutils_commands:/home/pi/ros2_ws/install/lidar_slam_bringup/lib/python3.10/site-packages:${PYTHONPATH} /usr/bin/python3 -W ignore:setup.py install is deprecated -W ignore:easy_install command is deprecated setup.py develop --editable --build-directory /home/pi/ros2_ws/build/lidar_slam_bringup/build --no-deps symlink_data --force
