[0.120s] Invoking command in '/home/pi/ros2_ws/build/rf2o_laser_odometry': CMAKE_PREFIX_PATH=${CMAKE_PREFIX_PATH}:/home/pi/ros2_ws/install/lidar_slam_bringup:/opt/ros/humble /usr/bin/cmake --build /home/pi/ros2_ws/build/rf2o_laser_odometry -- -j4 -l4
[0.433s] [ 40%] Built target rf2o_laser_odometry
[0.513s] [100%] Built target rf2o_laser_odometry_node
[0.578s] Invoked command in '/home/pi/ros2_ws/build/rf2o_laser_odometry' returned '0': CMAKE_PREFIX_PATH=${CMAKE_PREFIX_PATH}:/home/pi/ros2_ws/install/lidar_slam_bringup:/opt/ros/humble /usr/bin/cmake --build /home/pi/ros2_ws/build/rf2o_laser_odometry -- -j4 -l4
[0.636s] Invoking command in '/home/pi/ros2_ws/build/rf2o_laser_odometry': CMAKE_PREFIX_PATH=${CMAKE_PREFIX_PATH}:/home/pi/ros2_ws/install/lidar_slam_bringup:/opt/ros/humble /usr/bin/cmake --install /home/pi/ros2_ws/build/rf2o_laser_odometry
[0.671s] -- Install configuration: ""
[0.687s] -- Execute custom install script
[0.689s] -- Up-to-date symlink: /home/pi/ros2_ws/install/rf2o_laser_odometry/lib/rf2o_laser_odometry/rf2o_laser_odometry_node
[0.694s] -- Up-to-date symlink: /home/pi/ros2_ws/install/rf2o_laser_odometry/share/rf2o_laser_odometry/launch/rf2o_laser_odometry.launch.py
[0.699s] -- Up-to-date symlink: /home/pi/ros2_ws/install/rf2o_laser_odometry/share/ament_index/resource_index/package_run_dependencies/rf2o_laser_odometry
[0.701s] -- Up-to-date symlink: /home/pi/ros2_ws/install/rf2o_laser_odometry/share/ament_index/resource_index/parent_prefix_path/rf2o_laser_odometry
[0.705s] -- Up-to-date symlink: /home/pi/ros2_ws/install/rf2o_laser_odometry/share/rf2o_laser_odometry/environment/ament_prefix_path.sh
[0.714s] -- Up-to-date symlink: /home/pi/ros2_ws/install/rf2o_laser_odometry/share/rf2o_laser_odometry/environment/ament_prefix_path.dsv
[0.730s] -- Up-to-date symlink: /home/pi/ros2_ws/install/rf2o_laser_odometry/share/rf2o_laser_odometry/environment/path.sh
[0.733s] -- Up-to-date symlink: /home/pi/ros2_ws/install/rf2o_laser_odometry/share/rf2o_laser_odometry/environment/path.dsv
[0.733s] -- Up-to-date symlink: /home/pi/ros2_ws/install/rf2o_laser_odometry/share/rf2o_laser_odometry/local_setup.bash
[0.735s] -- Up-to-date symlink: /home/pi/ros2_ws/install/rf2o_laser_odometry/share/rf2o_laser_odometry/local_setup.sh
[0.742s] -- Up-to-date symlink: /home/pi/ros2_ws/install/rf2o_laser_odometry/share/rf2o_laser_odometry/local_setup.zsh
[0.743s] -- Up-to-date symlink: /home/pi/ros2_ws/install/rf2o_laser_odometry/share/rf2o_laser_odometry/local_setup.dsv
[0.745s] -- Symlinking: /home/pi/ros2_ws/install/rf2o_laser_odometry/share/rf2o_laser_odometry/package.dsv
[0.815s] -- Up-to-date symlink: /home/pi/ros2_ws/install/rf2o_laser_odometry/share/ament_index/resource_index/packages/rf2o_laser_odometry
[0.816s] -- Up-to-date symlink: /home/pi/ros2_ws/install/rf2o_laser_odometry/share/rf2o_laser_odometry/cmake/rf2o_laser_odometryConfig.cmake
[0.817s] -- Up-to-date symlink: /home/pi/ros2_ws/install/rf2o_laser_odometry/share/rf2o_laser_odometry/cmake/rf2o_laser_odometryConfig-version.cmake
[0.818s] -- Up-to-date symlink: /home/pi/ros2_ws/install/rf2o_laser_odometry/share/rf2o_laser_odometry/package.xml
[0.995s] Invoked command in '/home/pi/ros2_ws/build/rf2o_laser_odometry' returned '0': CMAKE_PREFIX_PATH=${CMAKE_PREFIX_PATH}:/home/pi/ros2_ws/install/lidar_slam_bringup:/opt/ros/humble /usr/bin/cmake --install /home/pi/ros2_ws/build/rf2o_laser_odometry
