-- Found ament_cmake: 1.3.14 (/opt/ros/humble/share/ament_cmake/cmake)
-- Override CMake install command with custom implementation using symlinks instead of copying resources
-- Found rclcpp: 16.0.19 (/opt/ros/humble/share/rclcpp/cmake)
-- Found rosidl_generator_c: 3.1.8 (/opt/ros/humble/share/rosidl_generator_c/cmake)
-- Found rosidl_adapter: 3.1.8 (/opt/ros/humble/share/rosidl_adapter/cmake)
-- Found rosidl_generator_cpp: 3.1.8 (/opt/ros/humble/share/rosidl_generator_cpp/cmake)
-- Using all available rosidl_typesupport_c: rosidl_typesupport_fastrtps_c;rosidl_typesupport_introspection_c
-- Using all available rosidl_typesupport_cpp: rosidl_typesupport_fastrtps_cpp;rosidl_typesupport_introspection_cpp
-- Found rmw_implementation_cmake: 6.1.2 (/opt/ros/humble/share/rmw_implementation_cmake/cmake)
-- Found rmw_fastrtps_cpp: 6.2.10 (/opt/ros/humble/share/rmw_fastrtps_cpp/cmake)
-- Using RMW implementation 'rmw_fastrtps_cpp' as default
-- Found sensor_msgs: 4.9.1 (/opt/ros/humble/share/sensor_msgs/cmake)
-- Found ament_lint_auto: 0.12.15 (/opt/ros/humble/share/ament_lint_auto/cmake)
-- operation system is Linux-5.15.0-1103-raspi
-- current platform: Linux 
-- Added test 'copyright' to check source files copyright and LICENSE
-- Added test 'cppcheck' to perform static code analysis on C / C++ code
-- Configured cppcheck include dirs: /home/pi/ros2_ws/src/ldlidar_ros2/include;/home/pi/ros2_ws/src/ldlidar_ros2/sdk/include
-- Configured cppcheck exclude dirs and/or files: 
-- Added test 'cpplint' to check C / C++ code against the Google style
-- Configured cpplint exclude dirs and/or files: 
-- Added test 'flake8' to check Python code syntax and style conventions
-- Added test 'lint_cmake' to check CMake code style
-- Added test 'pep257' to check Python code against some of the docstring style conventions in PEP 257
-- Added test 'uncrustify' to check C / C++ code style
-- Configured uncrustify additional arguments: 
-- Added test 'xmllint' to check XML markup files
-- Configuring done
-- Generating done
-- Build files have been written to: /home/pi/ros2_ws/build/ldlidar_ros2
[  7%] Building CXX object sdk/CMakeFiles/ldlidar_driver.dir/src/ldlidar_driver.cpp.o
[ 15%] Building CXX object sdk/CMakeFiles/ldlidar_driver.dir/src/ldlidar_driver_linux.cpp.o
[ 23%] Building CXX object sdk/CMakeFiles/ldlidar_driver.dir/src/ldlidar_dataprocess.cpp.o
[ 30%] Building CXX object sdk/CMakeFiles/ldlidar_driver.dir/src/ldlidar_protocol.cpp.o
[ 38%] Building CXX object sdk/CMakeFiles/ldlidar_driver.dir/src/log_module.cpp.o
[ 46%] Building CXX object sdk/CMakeFiles/ldlidar_driver.dir/src/network_socket_interface_linux.cpp.o
[ 53%] Building CXX object sdk/CMakeFiles/ldlidar_driver.dir/src/serial_interface_linux.cpp.o
[ 61%] Building CXX object sdk/CMakeFiles/ldlidar_driver.dir/src/sl_transform.cpp.o
[ 69%] Building CXX object sdk/CMakeFiles/ldlidar_driver.dir/src/slbf.cpp.o
[ 76%] Building CXX object sdk/CMakeFiles/ldlidar_driver.dir/src/tofbf.cpp.o
[ 84%] Linking CXX static library libldlidar_driver.a
[ 84%] Built target ldlidar_driver
[ 92%] Building CXX object CMakeFiles/ldlidar_ros2_node.dir/src/demo.cpp.o
[100%] Linking CXX executable ldlidar_ros2_node
[100%] Built target ldlidar_ros2_node
-- Install configuration: ""
-- Execute custom install script
-- Symlinking: /home/pi/ros2_ws/install/ldlidar_ros2/lib/ldlidar_ros2/ldlidar_ros2_node
-- Symlinking: /home/pi/ros2_ws/install/ldlidar_ros2/share/ldlidar_ros2//launch/ld06.launch.py
-- Symlinking: /home/pi/ros2_ws/install/ldlidar_ros2/share/ldlidar_ros2//launch/ld14.launch.py
-- Symlinking: /home/pi/ros2_ws/install/ldlidar_ros2/share/ldlidar_ros2//launch/ld14p.launch.py
-- Symlinking: /home/pi/ros2_ws/install/ldlidar_ros2/share/ldlidar_ros2//launch/ld19.launch.py
-- Symlinking: /home/pi/ros2_ws/install/ldlidar_ros2/share/ldlidar_ros2//launch/viewer_ld06.launch.py
-- Symlinking: /home/pi/ros2_ws/install/ldlidar_ros2/share/ldlidar_ros2//launch/viewer_ld14.launch.py
-- Symlinking: /home/pi/ros2_ws/install/ldlidar_ros2/share/ldlidar_ros2//launch/viewer_ld14p.launch.py
-- Symlinking: /home/pi/ros2_ws/install/ldlidar_ros2/share/ldlidar_ros2//launch/viewer_ld19.launch.py
-- Symlinking: /home/pi/ros2_ws/install/ldlidar_ros2/share/ldlidar_ros2//rviz2/ldlidar.rviz
-- Symlinking: /home/pi/ros2_ws/install/ldlidar_ros2/share/ldlidar_ros2//scripts/create_udev_rules.sh
-- Symlinking: /home/pi/ros2_ws/install/ldlidar_ros2/share/ldlidar_ros2//scripts/delete_udev_rules.sh
-- Symlinking: /home/pi/ros2_ws/install/ldlidar_ros2/share/ldlidar_ros2//scripts/ldlidar.rules
-- Symlinking: /home/pi/ros2_ws/install/ldlidar_ros2/share/ament_index/resource_index/package_run_dependencies/ldlidar_ros2
-- Symlinking: /home/pi/ros2_ws/install/ldlidar_ros2/share/ament_index/resource_index/parent_prefix_path/ldlidar_ros2
-- Symlinking: /home/pi/ros2_ws/install/ldlidar_ros2/share/ldlidar_ros2/environment/ament_prefix_path.sh
-- Symlinking: /home/pi/ros2_ws/install/ldlidar_ros2/share/ldlidar_ros2/environment/ament_prefix_path.dsv
-- Symlinking: /home/pi/ros2_ws/install/ldlidar_ros2/share/ldlidar_ros2/environment/path.sh
-- Symlinking: /home/pi/ros2_ws/install/ldlidar_ros2/share/ldlidar_ros2/environment/path.dsv
-- Symlinking: /home/pi/ros2_ws/install/ldlidar_ros2/share/ldlidar_ros2/local_setup.bash
-- Symlinking: /home/pi/ros2_ws/install/ldlidar_ros2/share/ldlidar_ros2/local_setup.sh
-- Symlinking: /home/pi/ros2_ws/install/ldlidar_ros2/share/ldlidar_ros2/local_setup.zsh
-- Symlinking: /home/pi/ros2_ws/install/ldlidar_ros2/share/ldlidar_ros2/local_setup.dsv
-- Symlinking: /home/pi/ros2_ws/install/ldlidar_ros2/share/ldlidar_ros2/package.dsv
-- Symlinking: /home/pi/ros2_ws/install/ldlidar_ros2/share/ament_index/resource_index/packages/ldlidar_ros2
-- Symlinking: /home/pi/ros2_ws/install/ldlidar_ros2/share/ldlidar_ros2/cmake/ldlidar_ros2Config.cmake
-- Symlinking: /home/pi/ros2_ws/install/ldlidar_ros2/share/ldlidar_ros2/cmake/ldlidar_ros2Config-version.cmake
-- Symlinking: /home/pi/ros2_ws/install/ldlidar_ros2/share/ldlidar_ros2/package.xml
