[0.060s] Invoking command in '/home/pi/ros2_ws/build/ldlidar_ros2': CMAKE_PREFIX_PATH=${CMAKE_PREFIX_PATH}:/home/pi/yahboomcar_ws/install/ydlidar_ros2_driver:/home/pi/yahboomcar_ws/install/slam_gmapping:/home/pi/yahboomcar_ws/install/rf2o_laser_odometry:/home/pi/yahboomcar_ws/install/openslam_gmapping /usr/bin/cmake /home/pi/ros2_ws/src/ldlidar_ros2 -DAMENT_CMAKE_SYMLINK_INSTALL=1 -DCMAKE_INSTALL_PREFIX=/home/pi/ros2_ws/install/ldlidar_ros2
[0.104s] -- Found ament_cmake: 1.3.14 (/opt/ros/humble/share/ament_cmake/cmake)
[0.760s] -- Override CMake install command with custom implementation using symlinks instead of copying resources
[0.798s] -- Found rclcpp: 16.0.19 (/opt/ros/humble/share/rclcpp/cmake)
[0.967s] -- Found rosidl_generator_c: 3.1.8 (/opt/ros/humble/share/rosidl_generator_c/cmake)
[0.980s] -- Found rosidl_adapter: 3.1.8 (/opt/ros/humble/share/rosidl_adapter/cmake)
[1.007s] -- Found rosidl_generator_cpp: 3.1.8 (/opt/ros/humble/share/rosidl_generator_cpp/cmake)
[1.052s] -- Using all available rosidl_typesupport_c: rosidl_typesupport_fastrtps_c;rosidl_typesupport_introspection_c
[1.108s] -- Using all available rosidl_typesupport_cpp: rosidl_typesupport_fastrtps_cpp;rosidl_typesupport_introspection_cpp
[1.257s] -- Found rmw_implementation_cmake: 6.1.2 (/opt/ros/humble/share/rmw_implementation_cmake/cmake)
[1.264s] -- Found rmw_fastrtps_cpp: 6.2.10 (/opt/ros/humble/share/rmw_fastrtps_cpp/cmake)
[1.884s] -- Using RMW implementation 'rmw_fastrtps_cpp' as default
[2.122s] -- Found sensor_msgs: 4.9.1 (/opt/ros/humble/share/sensor_msgs/cmake)
[2.249s] -- Found ament_lint_auto: 0.12.15 (/opt/ros/humble/share/ament_lint_auto/cmake)
[2.596s] -- operation system is Linux-5.15.0-1103-raspi
[2.600s] -- current platform: Linux 
[2.656s] -- Added test 'copyright' to check source files copyright and LICENSE
[2.754s] -- Added test 'cppcheck' to perform static code analysis on C / C++ code
[2.757s] -- Configured cppcheck include dirs: /home/pi/ros2_ws/src/ldlidar_ros2/include;/home/pi/ros2_ws/src/ldlidar_ros2/sdk/include
[2.758s] -- Configured cppcheck exclude dirs and/or files: 
[2.856s] -- Added test 'cpplint' to check C / C++ code against the Google style
[2.857s] -- Configured cpplint exclude dirs and/or files: 
[2.870s] -- Added test 'flake8' to check Python code syntax and style conventions
[2.896s] -- Added test 'lint_cmake' to check CMake code style
[2.909s] -- Added test 'pep257' to check Python code against some of the docstring style conventions in PEP 257
[3.006s] -- Added test 'uncrustify' to check C / C++ code style
[3.007s] -- Configured uncrustify additional arguments: 
[3.025s] -- Added test 'xmllint' to check XML markup files
[3.031s] -- Configuring done
[3.153s] -- Generating done
[3.173s] -- Build files have been written to: /home/pi/ros2_ws/build/ldlidar_ros2
[3.205s] Invoked command in '/home/pi/ros2_ws/build/ldlidar_ros2' returned '0': CMAKE_PREFIX_PATH=${CMAKE_PREFIX_PATH}:/home/pi/yahboomcar_ws/install/ydlidar_ros2_driver:/home/pi/yahboomcar_ws/install/slam_gmapping:/home/pi/yahboomcar_ws/install/rf2o_laser_odometry:/home/pi/yahboomcar_ws/install/openslam_gmapping /usr/bin/cmake /home/pi/ros2_ws/src/ldlidar_ros2 -DAMENT_CMAKE_SYMLINK_INSTALL=1 -DCMAKE_INSTALL_PREFIX=/home/pi/ros2_ws/install/ldlidar_ros2
[3.209s] Invoking command in '/home/pi/ros2_ws/build/ldlidar_ros2': CMAKE_PREFIX_PATH=${CMAKE_PREFIX_PATH}:/home/pi/yahboomcar_ws/install/ydlidar_ros2_driver:/home/pi/yahboomcar_ws/install/slam_gmapping:/home/pi/yahboomcar_ws/install/rf2o_laser_odometry:/home/pi/yahboomcar_ws/install/openslam_gmapping /usr/bin/cmake --build /home/pi/ros2_ws/build/ldlidar_ros2 -- -j4 -l4
[3.491s] [  7%] Building CXX object sdk/CMakeFiles/ldlidar_driver.dir/src/ldlidar_driver.cpp.o
[3.533s] [ 15%] Building CXX object sdk/CMakeFiles/ldlidar_driver.dir/src/ldlidar_driver_linux.cpp.o
[3.537s] [ 23%] Building CXX object sdk/CMakeFiles/ldlidar_driver.dir/src/ldlidar_dataprocess.cpp.o
[3.568s] [ 30%] Building CXX object sdk/CMakeFiles/ldlidar_driver.dir/src/ldlidar_protocol.cpp.o
[4.064s] [ 38%] Building CXX object sdk/CMakeFiles/ldlidar_driver.dir/src/log_module.cpp.o
[5.980s] [ 46%] Building CXX object sdk/CMakeFiles/ldlidar_driver.dir/src/network_socket_interface_linux.cpp.o
[6.334s] [ 53%] Building CXX object sdk/CMakeFiles/ldlidar_driver.dir/src/serial_interface_linux.cpp.o
[9.652s] [ 61%] Building CXX object sdk/CMakeFiles/ldlidar_driver.dir/src/sl_transform.cpp.o
[11.697s] [ 69%] Building CXX object sdk/CMakeFiles/ldlidar_driver.dir/src/slbf.cpp.o
[11.698s] [ 76%] Building CXX object sdk/CMakeFiles/ldlidar_driver.dir/src/tofbf.cpp.o
[16.961s] [ 84%] Linking CXX static library libldlidar_driver.a
[17.304s] [ 84%] Built target ldlidar_driver
[17.456s] [ 92%] Building CXX object CMakeFiles/ldlidar_ros2_node.dir/src/demo.cpp.o
[52.171s] [100%] Linking CXX executable ldlidar_ros2_node
[54.250s] [100%] Built target ldlidar_ros2_node
[54.313s] Invoked command in '/home/pi/ros2_ws/build/ldlidar_ros2' returned '0': CMAKE_PREFIX_PATH=${CMAKE_PREFIX_PATH}:/home/pi/yahboomcar_ws/install/ydlidar_ros2_driver:/home/pi/yahboomcar_ws/install/slam_gmapping:/home/pi/yahboomcar_ws/install/rf2o_laser_odometry:/home/pi/yahboomcar_ws/install/openslam_gmapping /usr/bin/cmake --build /home/pi/ros2_ws/build/ldlidar_ros2 -- -j4 -l4
[54.365s] Invoking command in '/home/pi/ros2_ws/build/ldlidar_ros2': CMAKE_PREFIX_PATH=${CMAKE_PREFIX_PATH}:/home/pi/yahboomcar_ws/install/ydlidar_ros2_driver:/home/pi/yahboomcar_ws/install/slam_gmapping:/home/pi/yahboomcar_ws/install/rf2o_laser_odometry:/home/pi/yahboomcar_ws/install/openslam_gmapping /usr/bin/cmake --install /home/pi/ros2_ws/build/ldlidar_ros2
[54.410s] -- Install configuration: ""
[54.415s] -- Execute custom install script
[54.420s] -- Symlinking: /home/pi/ros2_ws/install/ldlidar_ros2/lib/ldlidar_ros2/ldlidar_ros2_node
[54.467s] -- Symlinking: /home/pi/ros2_ws/install/ldlidar_ros2/share/ldlidar_ros2//launch/ld06.launch.py
[54.517s] -- Symlinking: /home/pi/ros2_ws/install/ldlidar_ros2/share/ldlidar_ros2//launch/ld14.launch.py
[54.565s] -- Symlinking: /home/pi/ros2_ws/install/ldlidar_ros2/share/ldlidar_ros2//launch/ld14p.launch.py
[54.612s] -- Symlinking: /home/pi/ros2_ws/install/ldlidar_ros2/share/ldlidar_ros2//launch/ld19.launch.py
[54.660s] -- Symlinking: /home/pi/ros2_ws/install/ldlidar_ros2/share/ldlidar_ros2//launch/viewer_ld06.launch.py
[54.707s] -- Symlinking: /home/pi/ros2_ws/install/ldlidar_ros2/share/ldlidar_ros2//launch/viewer_ld14.launch.py
[54.755s] -- Symlinking: /home/pi/ros2_ws/install/ldlidar_ros2/share/ldlidar_ros2//launch/viewer_ld14p.launch.py
[54.801s] -- Symlinking: /home/pi/ros2_ws/install/ldlidar_ros2/share/ldlidar_ros2//launch/viewer_ld19.launch.py
[54.851s] -- Symlinking: /home/pi/ros2_ws/install/ldlidar_ros2/share/ldlidar_ros2//rviz2/ldlidar.rviz
[54.904s] -- Symlinking: /home/pi/ros2_ws/install/ldlidar_ros2/share/ldlidar_ros2//scripts/create_udev_rules.sh
[54.952s] -- Symlinking: /home/pi/ros2_ws/install/ldlidar_ros2/share/ldlidar_ros2//scripts/delete_udev_rules.sh
[54.999s] -- Symlinking: /home/pi/ros2_ws/install/ldlidar_ros2/share/ldlidar_ros2//scripts/ldlidar.rules
[55.043s] -- Symlinking: /home/pi/ros2_ws/install/ldlidar_ros2/share/ament_index/resource_index/package_run_dependencies/ldlidar_ros2
[55.090s] -- Symlinking: /home/pi/ros2_ws/install/ldlidar_ros2/share/ament_index/resource_index/parent_prefix_path/ldlidar_ros2
[55.137s] -- Symlinking: /home/pi/ros2_ws/install/ldlidar_ros2/share/ldlidar_ros2/environment/ament_prefix_path.sh
[55.182s] -- Symlinking: /home/pi/ros2_ws/install/ldlidar_ros2/share/ldlidar_ros2/environment/ament_prefix_path.dsv
[55.227s] -- Symlinking: /home/pi/ros2_ws/install/ldlidar_ros2/share/ldlidar_ros2/environment/path.sh
[55.273s] -- Symlinking: /home/pi/ros2_ws/install/ldlidar_ros2/share/ldlidar_ros2/environment/path.dsv
[55.319s] -- Symlinking: /home/pi/ros2_ws/install/ldlidar_ros2/share/ldlidar_ros2/local_setup.bash
[55.370s] -- Symlinking: /home/pi/ros2_ws/install/ldlidar_ros2/share/ldlidar_ros2/local_setup.sh
[55.417s] -- Symlinking: /home/pi/ros2_ws/install/ldlidar_ros2/share/ldlidar_ros2/local_setup.zsh
[55.472s] -- Symlinking: /home/pi/ros2_ws/install/ldlidar_ros2/share/ldlidar_ros2/local_setup.dsv
[55.541s] -- Symlinking: /home/pi/ros2_ws/install/ldlidar_ros2/share/ldlidar_ros2/package.dsv
[55.592s] -- Symlinking: /home/pi/ros2_ws/install/ldlidar_ros2/share/ament_index/resource_index/packages/ldlidar_ros2
[55.640s] -- Symlinking: /home/pi/ros2_ws/install/ldlidar_ros2/share/ldlidar_ros2/cmake/ldlidar_ros2Config.cmake
[55.683s] -- Symlinking: /home/pi/ros2_ws/install/ldlidar_ros2/share/ldlidar_ros2/cmake/ldlidar_ros2Config-version.cmake
[55.725s] -- Symlinking: /home/pi/ros2_ws/install/ldlidar_ros2/share/ldlidar_ros2/package.xml
[55.782s] Invoked command in '/home/pi/ros2_ws/build/ldlidar_ros2' returned '0': CMAKE_PREFIX_PATH=${CMAKE_PREFIX_PATH}:/home/pi/yahboomcar_ws/install/ydlidar_ros2_driver:/home/pi/yahboomcar_ws/install/slam_gmapping:/home/pi/yahboomcar_ws/install/rf2o_laser_odometry:/home/pi/yahboomcar_ws/install/openslam_gmapping /usr/bin/cmake --install /home/pi/ros2_ws/build/ldlidar_ros2
