running develop
running egg_info
creating lidar_slam_bringup.egg-info
writing lidar_slam_bringup.egg-info/PKG-INFO
writing dependency_links to lidar_slam_bringup.egg-info/dependency_links.txt
writing entry points to lidar_slam_bringup.egg-info/entry_points.txt
writing requirements to lidar_slam_bringup.egg-info/requires.txt
writing top-level names to lidar_slam_bringup.egg-info/top_level.txt
writing manifest file 'lidar_slam_bringup.egg-info/SOURCES.txt'
reading manifest file 'lidar_slam_bringup.egg-info/SOURCES.txt'
writing manifest file 'lidar_slam_bringup.egg-info/SOURCES.txt'
running build_ext
Creating /home/pi/ros2_ws/install/lidar_slam_bringup/lib/python3.10/site-packages/lidar-slam-bringup.egg-link (link to .)
Installing imu_node script to /home/pi/ros2_ws/install/lidar_slam_bringup/lib/lidar_slam_bringup

Installed /home/pi/ros2_ws/build/lidar_slam_bringup
running symlink_data
creating /home/pi/ros2_ws/install/lidar_slam_bringup/share/ament_index
creating /home/pi/ros2_ws/install/lidar_slam_bringup/share/ament_index/resource_index
creating /home/pi/ros2_ws/install/lidar_slam_bringup/share/ament_index/resource_index/packages
symbolically linking /home/pi/ros2_ws/build/lidar_slam_bringup/resource/lidar_slam_bringup -> /home/pi/ros2_ws/install/lidar_slam_bringup/share/ament_index/resource_index/packages
symbolically linking /home/pi/ros2_ws/build/lidar_slam_bringup/package.xml -> /home/pi/ros2_ws/install/lidar_slam_bringup/share/lidar_slam_bringup
creating /home/pi/ros2_ws/install/lidar_slam_bringup/share/lidar_slam_bringup/launch
symbolically linking /home/pi/ros2_ws/build/lidar_slam_bringup/launch/slam.launch.py -> /home/pi/ros2_ws/install/lidar_slam_bringup/share/lidar_slam_bringup/launch
creating /home/pi/ros2_ws/install/lidar_slam_bringup/share/lidar_slam_bringup/config
symbolically linking /home/pi/ros2_ws/build/lidar_slam_bringup/config/ekf.yaml -> /home/pi/ros2_ws/install/lidar_slam_bringup/share/lidar_slam_bringup/config
symbolically linking /home/pi/ros2_ws/build/lidar_slam_bringup/config/slam_toolbox.yaml -> /home/pi/ros2_ws/install/lidar_slam_bringup/share/lidar_slam_bringup/config
