[0.120s] Invoking command in '/home/pi/ros2_ws/build/ldlidar_ros2': CMAKE_PREFIX_PATH=${CMAKE_PREFIX_PATH}:/home/pi/ros2_ws/install/lidar_slam_bringup:/opt/ros/humble /usr/bin/cmake /home/pi/ros2_ws/src/ldlidar_ros2 -DCMAKE_INSTALL_PREFIX=/home/pi/ros2_ws/install/ldlidar_ros2
[0.188s] -- Found ament_cmake: 1.3.14 (/opt/ros/humble/share/ament_cmake/cmake)
[1.130s] -- Override CMake install command with custom implementation using symlinks instead of copying resources
[1.180s] -- Found rclcpp: 16.0.19 (/opt/ros/humble/share/rclcpp/cmake)
[1.372s] -- Found rosidl_generator_c: 3.1.8 (/opt/ros/humble/share/rosidl_generator_c/cmake)
[1.400s] -- Found rosidl_adapter: 3.1.8 (/opt/ros/humble/share/rosidl_adapter/cmake)
[1.440s] -- Found rosidl_generator_cpp: 3.1.8 (/opt/ros/humble/share/rosidl_generator_cpp/cmake)
[1.496s] -- Using all available rosidl_typesupport_c: rosidl_typesupport_fastrtps_c;rosidl_typesupport_introspection_c
[1.573s] -- Using all available rosidl_typesupport_cpp: rosidl_typesupport_fastrtps_cpp;rosidl_typesupport_introspection_cpp
[1.767s] -- Found rmw_implementation_cmake: 6.1.2 (/opt/ros/humble/share/rmw_implementation_cmake/cmake)
[1.776s] -- Found rmw_fastrtps_cpp: 6.2.10 (/opt/ros/humble/share/rmw_fastrtps_cpp/cmake)
[2.599s] -- Using RMW implementation 'rmw_fastrtps_cpp' as default
[2.900s] -- Found sensor_msgs: 4.9.1 (/opt/ros/humble/share/sensor_msgs/cmake)
[3.076s] -- Found ament_lint_auto: 0.12.15 (/opt/ros/humble/share/ament_lint_auto/cmake)
[3.539s] -- operation system is Linux-5.15.0-1103-raspi
[3.541s] -- current platform: Linux 
[3.601s] -- Added test 'copyright' to check source files copyright and LICENSE
[3.719s] -- Added test 'cppcheck' to perform static code analysis on C / C++ code
[3.721s] -- Configured cppcheck include dirs: /home/pi/ros2_ws/src/ldlidar_ros2/include;/home/pi/ros2_ws/src/ldlidar_ros2/sdk/include
[3.722s] -- Configured cppcheck exclude dirs and/or files: 
[3.819s] -- Added test 'cpplint' to check C / C++ code against the Google style
[3.819s] -- Configured cpplint exclude dirs and/or files: 
[3.835s] -- Added test 'flake8' to check Python code syntax and style conventions
[3.862s] -- Added test 'lint_cmake' to check CMake code style
[3.876s] -- Added test 'pep257' to check Python code against some of the docstring style conventions in PEP 257
[3.980s] -- Added test 'uncrustify' to check C / C++ code style
[3.981s] -- Configured uncrustify additional arguments: 
[3.996s] -- Added test 'xmllint' to check XML markup files
[4.006s] -- Configuring done
[4.149s] -- Generating done
[4.183s] -- Build files have been written to: /home/pi/ros2_ws/build/ldlidar_ros2
[4.228s] Invoked command in '/home/pi/ros2_ws/build/ldlidar_ros2' returned '0': CMAKE_PREFIX_PATH=${CMAKE_PREFIX_PATH}:/home/pi/ros2_ws/install/lidar_slam_bringup:/opt/ros/humble /usr/bin/cmake /home/pi/ros2_ws/src/ldlidar_ros2 -DCMAKE_INSTALL_PREFIX=/home/pi/ros2_ws/install/ldlidar_ros2
[4.231s] Invoking command in '/home/pi/ros2_ws/build/ldlidar_ros2': CMAKE_PREFIX_PATH=${CMAKE_PREFIX_PATH}:/home/pi/ros2_ws/install/lidar_slam_bringup:/opt/ros/humble /usr/bin/cmake --build /home/pi/ros2_ws/build/ldlidar_ros2 -- -j4 -l4
[4.436s] [35m[1mConsolidate compiler generated dependencies of target ldlidar_driver[0m
[4.680s] [ 84%] Built target ldlidar_driver
[4.737s] [35m[1mConsolidate compiler generated dependencies of target ldlidar_ros2_node[0m
[4.883s] [100%] Built target ldlidar_ros2_node
[4.963s] Invoked command in '/home/pi/ros2_ws/build/ldlidar_ros2' returned '0': CMAKE_PREFIX_PATH=${CMAKE_PREFIX_PATH}:/home/pi/ros2_ws/install/lidar_slam_bringup:/opt/ros/humble /usr/bin/cmake --build /home/pi/ros2_ws/build/ldlidar_ros2 -- -j4 -l4
[4.966s] Invoking command in '/home/pi/ros2_ws/build/ldlidar_ros2': CMAKE_PREFIX_PATH=${CMAKE_PREFIX_PATH}:/home/pi/ros2_ws/install/lidar_slam_bringup:/opt/ros/humble /usr/bin/cmake --install /home/pi/ros2_ws/build/ldlidar_ros2
[5.042s] -- Install configuration: ""
[5.045s] -- Execute custom install script
[5.049s] -- Up-to-date symlink: /home/pi/ros2_ws/install/ldlidar_ros2/lib/ldlidar_ros2/ldlidar_ros2_node
[5.052s] -- Up-to-date symlink: /home/pi/ros2_ws/install/ldlidar_ros2/share/ldlidar_ros2//launch/ld06.launch.py
[5.054s] -- Up-to-date symlink: /home/pi/ros2_ws/install/ldlidar_ros2/share/ldlidar_ros2//launch/ld14.launch.py
[5.056s] -- Up-to-date symlink: /home/pi/ros2_ws/install/ldlidar_ros2/share/ldlidar_ros2//launch/ld14p.launch.py
[5.059s] -- Up-to-date symlink: /home/pi/ros2_ws/install/ldlidar_ros2/share/ldlidar_ros2//launch/ld19.launch.py
[5.060s] -- Up-to-date symlink: /home/pi/ros2_ws/install/ldlidar_ros2/share/ldlidar_ros2//launch/viewer_ld06.launch.py
[5.061s] -- Up-to-date symlink: /home/pi/ros2_ws/install/ldlidar_ros2/share/ldlidar_ros2//launch/viewer_ld14.launch.py
[5.063s] -- Up-to-date symlink: /home/pi/ros2_ws/install/ldlidar_ros2/share/ldlidar_ros2//launch/viewer_ld14p.launch.py
[5.064s] -- Up-to-date symlink: /home/pi/ros2_ws/install/ldlidar_ros2/share/ldlidar_ros2//launch/viewer_ld19.launch.py
[5.066s] -- Up-to-date symlink: /home/pi/ros2_ws/install/ldlidar_ros2/share/ldlidar_ros2//rviz2/ldlidar.rviz
[5.069s] -- Up-to-date symlink: /home/pi/ros2_ws/install/ldlidar_ros2/share/ldlidar_ros2//scripts/create_udev_rules.sh
[5.070s] -- Up-to-date symlink: /home/pi/ros2_ws/install/ldlidar_ros2/share/ldlidar_ros2//scripts/delete_udev_rules.sh
[5.072s] -- Up-to-date symlink: /home/pi/ros2_ws/install/ldlidar_ros2/share/ldlidar_ros2//scripts/ldlidar.rules
[5.075s] -- Up-to-date symlink: /home/pi/ros2_ws/install/ldlidar_ros2/share/ament_index/resource_index/package_run_dependencies/ldlidar_ros2
[5.076s] -- Up-to-date symlink: /home/pi/ros2_ws/install/ldlidar_ros2/share/ament_index/resource_index/parent_prefix_path/ldlidar_ros2
[5.078s] -- Up-to-date symlink: /home/pi/ros2_ws/install/ldlidar_ros2/share/ldlidar_ros2/environment/ament_prefix_path.sh
[5.080s] -- Up-to-date symlink: /home/pi/ros2_ws/install/ldlidar_ros2/share/ldlidar_ros2/environment/ament_prefix_path.dsv
[5.083s] -- Up-to-date symlink: /home/pi/ros2_ws/install/ldlidar_ros2/share/ldlidar_ros2/environment/path.sh
[5.089s] -- Up-to-date symlink: /home/pi/ros2_ws/install/ldlidar_ros2/share/ldlidar_ros2/environment/path.dsv
[5.091s] -- Up-to-date symlink: /home/pi/ros2_ws/install/ldlidar_ros2/share/ldlidar_ros2/local_setup.bash
[5.094s] -- Up-to-date symlink: /home/pi/ros2_ws/install/ldlidar_ros2/share/ldlidar_ros2/local_setup.sh
[5.097s] -- Up-to-date symlink: /home/pi/ros2_ws/install/ldlidar_ros2/share/ldlidar_ros2/local_setup.zsh
[5.098s] -- Up-to-date symlink: /home/pi/ros2_ws/install/ldlidar_ros2/share/ldlidar_ros2/local_setup.dsv
[5.100s] -- Symlinking: /home/pi/ros2_ws/install/ldlidar_ros2/share/ldlidar_ros2/package.dsv
[5.141s] -- Up-to-date symlink: /home/pi/ros2_ws/install/ldlidar_ros2/share/ament_index/resource_index/packages/ldlidar_ros2
[5.144s] -- Up-to-date symlink: /home/pi/ros2_ws/install/ldlidar_ros2/share/ldlidar_ros2/cmake/ldlidar_ros2Config.cmake
[5.145s] -- Up-to-date symlink: /home/pi/ros2_ws/install/ldlidar_ros2/share/ldlidar_ros2/cmake/ldlidar_ros2Config-version.cmake
[5.148s] -- Up-to-date symlink: /home/pi/ros2_ws/install/ldlidar_ros2/share/ldlidar_ros2/package.xml
[5.183s] Invoked command in '/home/pi/ros2_ws/build/ldlidar_ros2' returned '0': CMAKE_PREFIX_PATH=${CMAKE_PREFIX_PATH}:/home/pi/ros2_ws/install/lidar_slam_bringup:/opt/ros/humble /usr/bin/cmake --install /home/pi/ros2_ws/build/ldlidar_ros2
