[0.130s] Invoking command in '/home/pi/ros2_ws/build/ldlidar_ros2': CMAKE_PREFIX_PATH=${CMAKE_PREFIX_PATH}:/home/pi/ros2_ws/install/lidar_slam_bringup:/opt/ros/humble /usr/bin/cmake --build /home/pi/ros2_ws/build/ldlidar_ros2 -- -j4 -l4
[0.869s] [ 84%] Built target ldlidar_driver
[1.037s] [100%] Built target ldlidar_ros2_node
[1.120s] Invoked command in '/home/pi/ros2_ws/build/ldlidar_ros2' returned '0': CMAKE_PREFIX_PATH=${CMAKE_PREFIX_PATH}:/home/pi/ros2_ws/install/lidar_slam_bringup:/opt/ros/humble /usr/bin/cmake --build /home/pi/ros2_ws/build/ldlidar_ros2 -- -j4 -l4
[1.189s] Invoking command in '/home/pi/ros2_ws/build/ldlidar_ros2': CMAKE_PREFIX_PATH=${CMAKE_PREFIX_PATH}:/home/pi/ros2_ws/install/lidar_slam_bringup:/opt/ros/humble /usr/bin/cmake --install /home/pi/ros2_ws/build/ldlidar_ros2
[1.288s] -- Install configuration: ""
[1.292s] -- Execute custom install script
[1.294s] -- Up-to-date symlink: /home/pi/ros2_ws/install/ldlidar_ros2/lib/ldlidar_ros2/ldlidar_ros2_node
[1.296s] -- Up-to-date symlink: /home/pi/ros2_ws/install/ldlidar_ros2/share/ldlidar_ros2//launch/ld06.launch.py
[1.297s] -- Up-to-date symlink: /home/pi/ros2_ws/install/ldlidar_ros2/share/ldlidar_ros2//launch/ld14.launch.py
[1.297s] -- Up-to-date symlink: /home/pi/ros2_ws/install/ldlidar_ros2/share/ldlidar_ros2//launch/ld14p.launch.py
[1.298s] -- Up-to-date symlink: /home/pi/ros2_ws/install/ldlidar_ros2/share/ldlidar_ros2//launch/ld19.launch.py
[1.299s] -- Up-to-date symlink: /home/pi/ros2_ws/install/ldlidar_ros2/share/ldlidar_ros2//launch/viewer_ld06.launch.py
[1.300s] -- Up-to-date symlink: /home/pi/ros2_ws/install/ldlidar_ros2/share/ldlidar_ros2//launch/viewer_ld14.launch.py
[1.300s] -- Up-to-date symlink: /home/pi/ros2_ws/install/ldlidar_ros2/share/ldlidar_ros2//launch/viewer_ld14p.launch.py
[1.300s] -- Up-to-date symlink: /home/pi/ros2_ws/install/ldlidar_ros2/share/ldlidar_ros2//launch/viewer_ld19.launch.py
[1.301s] -- Up-to-date symlink: /home/pi/ros2_ws/install/ldlidar_ros2/share/ldlidar_ros2//rviz2/ldlidar.rviz
[1.301s] -- Up-to-date symlink: /home/pi/ros2_ws/install/ldlidar_ros2/share/ldlidar_ros2//scripts/create_udev_rules.sh
[1.302s] -- Up-to-date symlink: /home/pi/ros2_ws/install/ldlidar_ros2/share/ldlidar_ros2//scripts/delete_udev_rules.sh
[1.302s] -- Up-to-date symlink: /home/pi/ros2_ws/install/ldlidar_ros2/share/ldlidar_ros2//scripts/ldlidar.rules
[1.303s] -- Up-to-date symlink: /home/pi/ros2_ws/install/ldlidar_ros2/share/ament_index/resource_index/package_run_dependencies/ldlidar_ros2
[1.303s] -- Up-to-date symlink: /home/pi/ros2_ws/install/ldlidar_ros2/share/ament_index/resource_index/parent_prefix_path/ldlidar_ros2
[1.303s] -- Up-to-date symlink: /home/pi/ros2_ws/install/ldlidar_ros2/share/ldlidar_ros2/environment/ament_prefix_path.sh
[1.304s] -- Up-to-date symlink: /home/pi/ros2_ws/install/ldlidar_ros2/share/ldlidar_ros2/environment/ament_prefix_path.dsv
[1.304s] -- Up-to-date symlink: /home/pi/ros2_ws/install/ldlidar_ros2/share/ldlidar_ros2/environment/path.sh
[1.305s] -- Up-to-date symlink: /home/pi/ros2_ws/install/ldlidar_ros2/share/ldlidar_ros2/environment/path.dsv
[1.306s] -- Up-to-date symlink: /home/pi/ros2_ws/install/ldlidar_ros2/share/ldlidar_ros2/local_setup.bash
[1.306s] -- Up-to-date symlink: /home/pi/ros2_ws/install/ldlidar_ros2/share/ldlidar_ros2/local_setup.sh
[1.306s] -- Up-to-date symlink: /home/pi/ros2_ws/install/ldlidar_ros2/share/ldlidar_ros2/local_setup.zsh
[1.307s] -- Up-to-date symlink: /home/pi/ros2_ws/install/ldlidar_ros2/share/ldlidar_ros2/local_setup.dsv
[1.307s] -- Symlinking: /home/pi/ros2_ws/install/ldlidar_ros2/share/ldlidar_ros2/package.dsv
[1.310s] -- Up-to-date symlink: /home/pi/ros2_ws/install/ldlidar_ros2/share/ament_index/resource_index/packages/ldlidar_ros2
[1.318s] -- Up-to-date symlink: /home/pi/ros2_ws/install/ldlidar_ros2/share/ldlidar_ros2/cmake/ldlidar_ros2Config.cmake
[1.333s] -- Up-to-date symlink: /home/pi/ros2_ws/install/ldlidar_ros2/share/ldlidar_ros2/cmake/ldlidar_ros2Config-version.cmake
[1.334s] -- Up-to-date symlink: /home/pi/ros2_ws/install/ldlidar_ros2/share/ldlidar_ros2/package.xml
[1.556s] Invoked command in '/home/pi/ros2_ws/build/ldlidar_ros2' returned '0': CMAKE_PREFIX_PATH=${CMAKE_PREFIX_PATH}:/home/pi/ros2_ws/install/lidar_slam_bringup:/opt/ros/humble /usr/bin/cmake --install /home/pi/ros2_ws/build/ldlidar_ros2
