[0.452s] DEBUG:colcon:Command line arguments: ['/usr/bin/colcon', 'build']
[0.452s] DEBUG:colcon:Parsed command line arguments: Namespace(log_base=None, log_level=None, verb_name='build', build_base='build', install_base='install', merge_install=False, symlink_install=False, test_result_base=None, continue_on_error=False, executor='parallel', parallel_workers=4, event_handlers=None, ignore_user_meta=False, metas=['./colcon.meta'], base_paths=['.'], packages_ignore=None, packages_ignore_regex=None, paths=None, packages_up_to=None, packages_up_to_regex=None, packages_above=None, packages_above_and_dependencies=None, packages_above_depth=None, packages_select_by_dep=None, packages_skip_by_dep=None, packages_skip_up_to=None, packages_select_build_failed=False, packages_skip_build_finished=False, packages_select_test_failures=False, packages_skip_test_passed=False, packages_select=None, packages_skip=None, packages_select_regex=None, packages_skip_regex=None, packages_start=None, packages_end=None, allow_overriding=[], cmake_args=None, cmake_target=None, cmake_target_skip_unavailable=False, cmake_clean_cache=False, cmake_clean_first=False, cmake_force_configure=False, ament_cmake_args=None, catkin_cmake_args=None, catkin_skip_building_tests=False, mixin_files=None, mixin=None, verb_parser=<colcon_mixin.mixin.mixin_argument.MixinArgumentDecorator object at 0xffff927cc160>, verb_extension=<colcon_core.verb.build.BuildVerb object at 0xffff928bc730>, main=<bound method BuildVerb.main of <colcon_core.verb.build.BuildVerb object at 0xffff928bc730>>, mixin_verb=('build',))
[1.178s] Level 1:colcon.colcon_core.package_discovery:discover_packages(colcon_meta) check parameters
[1.178s] Level 1:colcon.colcon_core.package_discovery:discover_packages(recursive) check parameters
[1.178s] Level 1:colcon.colcon_core.package_discovery:discover_packages(ignore) check parameters
[1.179s] Level 1:colcon.colcon_core.package_discovery:discover_packages(path) check parameters
[1.179s] Level 1:colcon.colcon_core.package_discovery:discover_packages(colcon_meta) discover
[1.179s] Level 1:colcon.colcon_core.package_discovery:discover_packages(recursive) discover
[1.179s] INFO:colcon.colcon_core.package_discovery:Crawling recursively for packages in '/home/pi/ros2_ws'
[1.180s] Level 1:colcon.colcon_core.package_identification:_identify(.) by extensions ['ignore', 'ignore_ament_install']
[1.180s] Level 1:colcon.colcon_core.package_identification:_identify(.) by extension 'ignore'
[1.180s] Level 1:colcon.colcon_core.package_identification:_identify(.) by extension 'ignore_ament_install'
[1.180s] Level 1:colcon.colcon_core.package_identification:_identify(.) by extensions ['colcon_pkg']
[1.181s] Level 1:colcon.colcon_core.package_identification:_identify(.) by extension 'colcon_pkg'
[1.181s] Level 1:colcon.colcon_core.package_identification:_identify(.) by extensions ['colcon_meta']
[1.181s] Level 1:colcon.colcon_core.package_identification:_identify(.) by extension 'colcon_meta'
[1.181s] Level 1:colcon.colcon_core.package_identification:_identify(.) by extensions ['ros']
[1.181s] Level 1:colcon.colcon_core.package_identification:_identify(.) by extension 'ros'
[1.230s] Level 1:colcon.colcon_core.package_identification:_identify(.) by extensions ['cmake', 'python']
[1.230s] Level 1:colcon.colcon_core.package_identification:_identify(.) by extension 'cmake'
[1.230s] Level 1:colcon.colcon_core.package_identification:_identify(.) by extension 'python'
[1.231s] Level 1:colcon.colcon_core.package_identification:_identify(.) by extensions ['python_setup_py']
[1.231s] Level 1:colcon.colcon_core.package_identification:_identify(.) by extension 'python_setup_py'
[1.231s] Level 1:colcon.colcon_core.package_identification:_identify(build) by extensions ['ignore', 'ignore_ament_install']
[1.232s] Level 1:colcon.colcon_core.package_identification:_identify(build) by extension 'ignore'
[1.232s] Level 1:colcon.colcon_core.package_identification:_identify(build) ignored
[1.233s] Level 1:colcon.colcon_core.package_identification:_identify(install) by extensions ['ignore', 'ignore_ament_install']
[1.233s] Level 1:colcon.colcon_core.package_identification:_identify(install) by extension 'ignore'
[1.233s] Level 1:colcon.colcon_core.package_identification:_identify(install) ignored
[1.234s] Level 1:colcon.colcon_core.package_identification:_identify(log) by extensions ['ignore', 'ignore_ament_install']
[1.234s] Level 1:colcon.colcon_core.package_identification:_identify(log) by extension 'ignore'
[1.235s] Level 1:colcon.colcon_core.package_identification:_identify(log) ignored
[1.235s] Level 1:colcon.colcon_core.package_identification:_identify(src) by extensions ['ignore', 'ignore_ament_install']
[1.235s] Level 1:colcon.colcon_core.package_identification:_identify(src) by extension 'ignore'
[1.236s] Level 1:colcon.colcon_core.package_identification:_identify(src) by extension 'ignore_ament_install'
[1.236s] Level 1:colcon.colcon_core.package_identification:_identify(src) by extensions ['colcon_pkg']
[1.236s] Level 1:colcon.colcon_core.package_identification:_identify(src) by extension 'colcon_pkg'
[1.236s] Level 1:colcon.colcon_core.package_identification:_identify(src) by extensions ['colcon_meta']
[1.236s] Level 1:colcon.colcon_core.package_identification:_identify(src) by extension 'colcon_meta'
[1.236s] Level 1:colcon.colcon_core.package_identification:_identify(src) by extensions ['ros']
[1.237s] Level 1:colcon.colcon_core.package_identification:_identify(src) by extension 'ros'
[1.237s] Level 1:colcon.colcon_core.package_identification:_identify(src) by extensions ['cmake', 'python']
[1.237s] Level 1:colcon.colcon_core.package_identification:_identify(src) by extension 'cmake'
[1.237s] Level 1:colcon.colcon_core.package_identification:_identify(src) by extension 'python'
[1.238s] Level 1:colcon.colcon_core.package_identification:_identify(src) by extensions ['python_setup_py']
[1.238s] Level 1:colcon.colcon_core.package_identification:_identify(src) by extension 'python_setup_py'
[1.238s] Level 1:colcon.colcon_core.package_identification:_identify(src/ldlidar_ros2) by extensions ['ignore', 'ignore_ament_install']
[1.239s] Level 1:colcon.colcon_core.package_identification:_identify(src/ldlidar_ros2) by extension 'ignore'
[1.239s] Level 1:colcon.colcon_core.package_identification:_identify(src/ldlidar_ros2) by extension 'ignore_ament_install'
[1.239s] Level 1:colcon.colcon_core.package_identification:_identify(src/ldlidar_ros2) by extensions ['colcon_pkg']
[1.239s] Level 1:colcon.colcon_core.package_identification:_identify(src/ldlidar_ros2) by extension 'colcon_pkg'
[1.239s] Level 1:colcon.colcon_core.package_identification:_identify(src/ldlidar_ros2) by extensions ['colcon_meta']
[1.240s] Level 1:colcon.colcon_core.package_identification:_identify(src/ldlidar_ros2) by extension 'colcon_meta'
[1.240s] Level 1:colcon.colcon_core.package_identification:_identify(src/ldlidar_ros2) by extensions ['ros']
[1.240s] Level 1:colcon.colcon_core.package_identification:_identify(src/ldlidar_ros2) by extension 'ros'
[1.249s] DEBUG:colcon.colcon_core.package_identification:Package 'src/ldlidar_ros2' with type 'ros.ament_cmake' and name 'ldlidar_ros2'
[1.250s] Level 1:colcon.colcon_core.package_identification:_identify(src/ldlidar_sl_ros2) by extensions ['ignore', 'ignore_ament_install']
[1.250s] Level 1:colcon.colcon_core.package_identification:_identify(src/ldlidar_sl_ros2) by extension 'ignore'
[1.250s] Level 1:colcon.colcon_core.package_identification:_identify(src/ldlidar_sl_ros2) by extension 'ignore_ament_install'
[1.251s] Level 1:colcon.colcon_core.package_identification:_identify(src/ldlidar_sl_ros2) by extensions ['colcon_pkg']
[1.251s] Level 1:colcon.colcon_core.package_identification:_identify(src/ldlidar_sl_ros2) by extension 'colcon_pkg'
[1.251s] Level 1:colcon.colcon_core.package_identification:_identify(src/ldlidar_sl_ros2) by extensions ['colcon_meta']
[1.251s] Level 1:colcon.colcon_core.package_identification:_identify(src/ldlidar_sl_ros2) by extension 'colcon_meta'
[1.251s] Level 1:colcon.colcon_core.package_identification:_identify(src/ldlidar_sl_ros2) by extensions ['ros']
[1.251s] Level 1:colcon.colcon_core.package_identification:_identify(src/ldlidar_sl_ros2) by extension 'ros'
[1.254s] DEBUG:colcon.colcon_core.package_identification:Package 'src/ldlidar_sl_ros2' with type 'ros.ament_cmake' and name 'ldlidar_sl_ros2'
[1.255s] Level 1:colcon.colcon_core.package_identification:_identify(src/lidar_slam_bringup) by extensions ['ignore', 'ignore_ament_install']
[1.255s] Level 1:colcon.colcon_core.package_identification:_identify(src/lidar_slam_bringup) by extension 'ignore'
[1.256s] Level 1:colcon.colcon_core.package_identification:_identify(src/lidar_slam_bringup) by extension 'ignore_ament_install'
[1.256s] Level 1:colcon.colcon_core.package_identification:_identify(src/lidar_slam_bringup) by extensions ['colcon_pkg']
[1.256s] Level 1:colcon.colcon_core.package_identification:_identify(src/lidar_slam_bringup) by extension 'colcon_pkg'
[1.256s] Level 1:colcon.colcon_core.package_identification:_identify(src/lidar_slam_bringup) by extensions ['colcon_meta']
[1.256s] Level 1:colcon.colcon_core.package_identification:_identify(src/lidar_slam_bringup) by extension 'colcon_meta'
[1.257s] Level 1:colcon.colcon_core.package_identification:_identify(src/lidar_slam_bringup) by extensions ['ros']
[1.257s] Level 1:colcon.colcon_core.package_identification:_identify(src/lidar_slam_bringup) by extension 'ros'
[1.259s] DEBUG:colcon.colcon_core.package_identification:Package 'src/lidar_slam_bringup' with type 'ros.ament_python' and name 'lidar_slam_bringup'
[1.260s] Level 1:colcon.colcon_core.package_identification:_identify(src/rf2o_laser_odometry) by extensions ['ignore', 'ignore_ament_install']
[1.261s] Level 1:colcon.colcon_core.package_identification:_identify(src/rf2o_laser_odometry) by extension 'ignore'
[1.261s] Level 1:colcon.colcon_core.package_identification:_identify(src/rf2o_laser_odometry) by extension 'ignore_ament_install'
[1.261s] Level 1:colcon.colcon_core.package_identification:_identify(src/rf2o_laser_odometry) by extensions ['colcon_pkg']
[1.261s] Level 1:colcon.colcon_core.package_identification:_identify(src/rf2o_laser_odometry) by extension 'colcon_pkg'
[1.262s] Level 1:colcon.colcon_core.package_identification:_identify(src/rf2o_laser_odometry) by extensions ['colcon_meta']
[1.262s] Level 1:colcon.colcon_core.package_identification:_identify(src/rf2o_laser_odometry) by extension 'colcon_meta'
[1.262s] Level 1:colcon.colcon_core.package_identification:_identify(src/rf2o_laser_odometry) by extensions ['ros']
[1.262s] Level 1:colcon.colcon_core.package_identification:_identify(src/rf2o_laser_odometry) by extension 'ros'
[1.266s] DEBUG:colcon.colcon_core.package_identification:Package 'src/rf2o_laser_odometry' with type 'ros.ament_cmake' and name 'rf2o_laser_odometry'
[1.267s] Level 1:colcon.colcon_core.package_identification:_identify(src/ydlidar_ros2_driver-humble) by extensions ['ignore', 'ignore_ament_install']
[1.267s] Level 1:colcon.colcon_core.package_identification:_identify(src/ydlidar_ros2_driver-humble) by extension 'ignore'
[1.267s] Level 1:colcon.colcon_core.package_identification:_identify(src/ydlidar_ros2_driver-humble) by extension 'ignore_ament_install'
[1.268s] Level 1:colcon.colcon_core.package_identification:_identify(src/ydlidar_ros2_driver-humble) by extensions ['colcon_pkg']
[1.268s] Level 1:colcon.colcon_core.package_identification:_identify(src/ydlidar_ros2_driver-humble) by extension 'colcon_pkg'
[1.268s] Level 1:colcon.colcon_core.package_identification:_identify(src/ydlidar_ros2_driver-humble) by extensions ['colcon_meta']
[1.268s] Level 1:colcon.colcon_core.package_identification:_identify(src/ydlidar_ros2_driver-humble) by extension 'colcon_meta'
[1.268s] Level 1:colcon.colcon_core.package_identification:_identify(src/ydlidar_ros2_driver-humble) by extensions ['ros']
[1.269s] Level 1:colcon.colcon_core.package_identification:_identify(src/ydlidar_ros2_driver-humble) by extension 'ros'
[1.271s] DEBUG:colcon.colcon_core.package_identification:Package 'src/ydlidar_ros2_driver-humble' with type 'ros.ament_cmake' and name 'ydlidar_ros2_driver'
[1.271s] Level 1:colcon.colcon_core.package_discovery:discover_packages(recursive) using defaults
[1.272s] Level 1:colcon.colcon_core.package_discovery:discover_packages(ignore) discover
[1.272s] Level 1:colcon.colcon_core.package_discovery:discover_packages(ignore) using defaults
[1.272s] Level 1:colcon.colcon_core.package_discovery:discover_packages(path) discover
[1.272s] Level 1:colcon.colcon_core.package_discovery:discover_packages(path) using defaults
[1.350s] Level 1:colcon.colcon_core.package_discovery:discover_packages(prefix_path) check parameters
[1.350s] Level 1:colcon.colcon_core.package_discovery:discover_packages(prefix_path) discover
[1.361s] DEBUG:colcon.colcon_installed_package_information.package_discovery:Found 3 installed packages in /home/pi/ros2_ws/install
[1.364s] DEBUG:colcon.colcon_installed_package_information.package_discovery:Found 4 installed packages in /home/pi/yahboomcar_ws/install
[1.371s] DEBUG:colcon.colcon_installed_package_information.package_discovery:Found 215 installed packages in /opt/ros/humble
[1.376s] Level 1:colcon.colcon_core.package_discovery:discover_packages(prefix_path) using defaults
[1.547s] Level 5:colcon.colcon_core.verb:set package 'ldlidar_ros2' build argument 'cmake_args' from command line to 'None'
[1.547s] Level 5:colcon.colcon_core.verb:set package 'ldlidar_ros2' build argument 'cmake_target' from command line to 'None'
[1.547s] Level 5:colcon.colcon_core.verb:set package 'ldlidar_ros2' build argument 'cmake_target_skip_unavailable' from command line to 'False'
[1.548s] Level 5:colcon.colcon_core.verb:set package 'ldlidar_ros2' build argument 'cmake_clean_cache' from command line to 'False'
[1.548s] Level 5:colcon.colcon_core.verb:set package 'ldlidar_ros2' build argument 'cmake_clean_first' from command line to 'False'
[1.548s] Level 5:colcon.colcon_core.verb:set package 'ldlidar_ros2' build argument 'cmake_force_configure' from command line to 'False'
[1.548s] Level 5:colcon.colcon_core.verb:set package 'ldlidar_ros2' build argument 'ament_cmake_args' from command line to 'None'
[1.548s] Level 5:colcon.colcon_core.verb:set package 'ldlidar_ros2' build argument 'catkin_cmake_args' from command line to 'None'
[1.548s] Level 5:colcon.colcon_core.verb:set package 'ldlidar_ros2' build argument 'catkin_skip_building_tests' from command line to 'False'
[1.548s] DEBUG:colcon.colcon_core.verb:Building package 'ldlidar_ros2' with the following arguments: {'ament_cmake_args': None, 'build_base': '/home/pi/ros2_ws/build/ldlidar_ros2', 'catkin_cmake_args': None, 'catkin_skip_building_tests': False, 'cmake_args': None, 'cmake_clean_cache': False, 'cmake_clean_first': False, 'cmake_force_configure': False, 'cmake_target': None, 'cmake_target_skip_unavailable': False, 'install_base': '/home/pi/ros2_ws/install/ldlidar_ros2', 'merge_install': False, 'path': '/home/pi/ros2_ws/src/ldlidar_ros2', 'symlink_install': False, 'test_result_base': None}
[1.550s] Level 5:colcon.colcon_core.verb:set package 'ldlidar_sl_ros2' build argument 'cmake_args' from command line to 'None'
[1.550s] Level 5:colcon.colcon_core.verb:set package 'ldlidar_sl_ros2' build argument 'cmake_target' from command line to 'None'
[1.550s] Level 5:colcon.colcon_core.verb:set package 'ldlidar_sl_ros2' build argument 'cmake_target_skip_unavailable' from command line to 'False'
[1.550s] Level 5:colcon.colcon_core.verb:set package 'ldlidar_sl_ros2' build argument 'cmake_clean_cache' from command line to 'False'
[1.550s] Level 5:colcon.colcon_core.verb:set package 'ldlidar_sl_ros2' build argument 'cmake_clean_first' from command line to 'False'
[1.551s] Level 5:colcon.colcon_core.verb:set package 'ldlidar_sl_ros2' build argument 'cmake_force_configure' from command line to 'False'
[1.551s] Level 5:colcon.colcon_core.verb:set package 'ldlidar_sl_ros2' build argument 'ament_cmake_args' from command line to 'None'
[1.551s] Level 5:colcon.colcon_core.verb:set package 'ldlidar_sl_ros2' build argument 'catkin_cmake_args' from command line to 'None'
[1.551s] Level 5:colcon.colcon_core.verb:set package 'ldlidar_sl_ros2' build argument 'catkin_skip_building_tests' from command line to 'False'
[1.551s] DEBUG:colcon.colcon_core.verb:Building package 'ldlidar_sl_ros2' with the following arguments: {'ament_cmake_args': None, 'build_base': '/home/pi/ros2_ws/build/ldlidar_sl_ros2', 'catkin_cmake_args': None, 'catkin_skip_building_tests': False, 'cmake_args': None, 'cmake_clean_cache': False, 'cmake_clean_first': False, 'cmake_force_configure': False, 'cmake_target': None, 'cmake_target_skip_unavailable': False, 'install_base': '/home/pi/ros2_ws/install/ldlidar_sl_ros2', 'merge_install': False, 'path': '/home/pi/ros2_ws/src/ldlidar_sl_ros2', 'symlink_install': False, 'test_result_base': None}
[1.553s] Level 5:colcon.colcon_core.verb:set package 'rf2o_laser_odometry' build argument 'cmake_args' from command line to 'None'
[1.553s] Level 5:colcon.colcon_core.verb:set package 'rf2o_laser_odometry' build argument 'cmake_target' from command line to 'None'
[1.553s] Level 5:colcon.colcon_core.verb:set package 'rf2o_laser_odometry' build argument 'cmake_target_skip_unavailable' from command line to 'False'
[1.553s] Level 5:colcon.colcon_core.verb:set package 'rf2o_laser_odometry' build argument 'cmake_clean_cache' from command line to 'False'
[1.553s] Level 5:colcon.colcon_core.verb:set package 'rf2o_laser_odometry' build argument 'cmake_clean_first' from command line to 'False'
[1.553s] Level 5:colcon.colcon_core.verb:set package 'rf2o_laser_odometry' build argument 'cmake_force_configure' from command line to 'False'
[1.553s] Level 5:colcon.colcon_core.verb:set package 'rf2o_laser_odometry' build argument 'ament_cmake_args' from command line to 'None'
[1.554s] Level 5:colcon.colcon_core.verb:set package 'rf2o_laser_odometry' build argument 'catkin_cmake_args' from command line to 'None'
[1.554s] Level 5:colcon.colcon_core.verb:set package 'rf2o_laser_odometry' build argument 'catkin_skip_building_tests' from command line to 'False'
[1.554s] DEBUG:colcon.colcon_core.verb:Building package 'rf2o_laser_odometry' with the following arguments: {'ament_cmake_args': None, 'build_base': '/home/pi/ros2_ws/build/rf2o_laser_odometry', 'catkin_cmake_args': None, 'catkin_skip_building_tests': False, 'cmake_args': None, 'cmake_clean_cache': False, 'cmake_clean_first': False, 'cmake_force_configure': False, 'cmake_target': None, 'cmake_target_skip_unavailable': False, 'install_base': '/home/pi/ros2_ws/install/rf2o_laser_odometry', 'merge_install': False, 'path': '/home/pi/ros2_ws/src/rf2o_laser_odometry', 'symlink_install': False, 'test_result_base': None}
[1.555s] Level 5:colcon.colcon_core.verb:set package 'ydlidar_ros2_driver' build argument 'cmake_args' from command line to 'None'
[1.555s] Level 5:colcon.colcon_core.verb:set package 'ydlidar_ros2_driver' build argument 'cmake_target' from command line to 'None'
[1.555s] Level 5:colcon.colcon_core.verb:set package 'ydlidar_ros2_driver' build argument 'cmake_target_skip_unavailable' from command line to 'False'
[1.556s] Level 5:colcon.colcon_core.verb:set package 'ydlidar_ros2_driver' build argument 'cmake_clean_cache' from command line to 'False'
[1.556s] Level 5:colcon.colcon_core.verb:set package 'ydlidar_ros2_driver' build argument 'cmake_clean_first' from command line to 'False'
[1.556s] Level 5:colcon.colcon_core.verb:set package 'ydlidar_ros2_driver' build argument 'cmake_force_configure' from command line to 'False'
[1.556s] Level 5:colcon.colcon_core.verb:set package 'ydlidar_ros2_driver' build argument 'ament_cmake_args' from command line to 'None'
[1.556s] Level 5:colcon.colcon_core.verb:set package 'ydlidar_ros2_driver' build argument 'catkin_cmake_args' from command line to 'None'
[1.556s] Level 5:colcon.colcon_core.verb:set package 'ydlidar_ros2_driver' build argument 'catkin_skip_building_tests' from command line to 'False'
[1.556s] DEBUG:colcon.colcon_core.verb:Building package 'ydlidar_ros2_driver' with the following arguments: {'ament_cmake_args': None, 'build_base': '/home/pi/ros2_ws/build/ydlidar_ros2_driver', 'catkin_cmake_args': None, 'catkin_skip_building_tests': False, 'cmake_args': None, 'cmake_clean_cache': False, 'cmake_clean_first': False, 'cmake_force_configure': False, 'cmake_target': None, 'cmake_target_skip_unavailable': False, 'install_base': '/home/pi/ros2_ws/install/ydlidar_ros2_driver', 'merge_install': False, 'path': '/home/pi/ros2_ws/src/ydlidar_ros2_driver-humble', 'symlink_install': False, 'test_result_base': None}
[1.558s] Level 5:colcon.colcon_core.verb:set package 'lidar_slam_bringup' build argument 'cmake_args' from command line to 'None'
[1.558s] Level 5:colcon.colcon_core.verb:set package 'lidar_slam_bringup' build argument 'cmake_target' from command line to 'None'
[1.558s] Level 5:colcon.colcon_core.verb:set package 'lidar_slam_bringup' build argument 'cmake_target_skip_unavailable' from command line to 'False'
[1.558s] Level 5:colcon.colcon_core.verb:set package 'lidar_slam_bringup' build argument 'cmake_clean_cache' from command line to 'False'
[1.558s] Level 5:colcon.colcon_core.verb:set package 'lidar_slam_bringup' build argument 'cmake_clean_first' from command line to 'False'
[1.558s] Level 5:colcon.colcon_core.verb:set package 'lidar_slam_bringup' build argument 'cmake_force_configure' from command line to 'False'
[1.559s] Level 5:colcon.colcon_core.verb:set package 'lidar_slam_bringup' build argument 'ament_cmake_args' from command line to 'None'
[1.559s] Level 5:colcon.colcon_core.verb:set package 'lidar_slam_bringup' build argument 'catkin_cmake_args' from command line to 'None'
[1.559s] Level 5:colcon.colcon_core.verb:set package 'lidar_slam_bringup' build argument 'catkin_skip_building_tests' from command line to 'False'
[1.559s] DEBUG:colcon.colcon_core.verb:Building package 'lidar_slam_bringup' with the following arguments: {'ament_cmake_args': None, 'build_base': '/home/pi/ros2_ws/build/lidar_slam_bringup', 'catkin_cmake_args': None, 'catkin_skip_building_tests': False, 'cmake_args': None, 'cmake_clean_cache': False, 'cmake_clean_first': False, 'cmake_force_configure': False, 'cmake_target': None, 'cmake_target_skip_unavailable': False, 'install_base': '/home/pi/ros2_ws/install/lidar_slam_bringup', 'merge_install': False, 'path': '/home/pi/ros2_ws/src/lidar_slam_bringup', 'symlink_install': False, 'test_result_base': None}
[1.559s] INFO:colcon.colcon_core.executor:Executing jobs using 'parallel' executor
[1.563s] DEBUG:colcon.colcon_parallel_executor.executor.parallel:run_until_complete
[1.564s] INFO:colcon.colcon_ros.task.ament_cmake.build:Building ROS package in '/home/pi/ros2_ws/src/ldlidar_ros2' with build type 'ament_cmake'
[1.565s] INFO:colcon.colcon_cmake.task.cmake.build:Building CMake package in '/home/pi/ros2_ws/src/ldlidar_ros2'
[1.574s] INFO:colcon.colcon_core.plugin_system:Skipping extension 'colcon_core.shell.bat': Not used on non-Windows systems
[1.576s] INFO:colcon.colcon_core.shell:Skip shell extension 'powershell' for command environment: Not usable outside of PowerShell
[1.576s] DEBUG:colcon.colcon_core.shell:Skip shell extension 'dsv' for command environment
[1.597s] INFO:colcon.colcon_ros.task.ament_cmake.build:Building ROS package in '/home/pi/ros2_ws/src/rf2o_laser_odometry' with build type 'ament_cmake'
[1.597s] INFO:colcon.colcon_cmake.task.cmake.build:Building CMake package in '/home/pi/ros2_ws/src/rf2o_laser_odometry'
[1.598s] INFO:colcon.colcon_core.shell:Skip shell extension 'powershell' for command environment: Not usable outside of PowerShell
[1.599s] DEBUG:colcon.colcon_core.shell:Skip shell extension 'dsv' for command environment
[1.621s] INFO:colcon.colcon_ros.task.ament_cmake.build:Building ROS package in '/home/pi/ros2_ws/src/ldlidar_sl_ros2' with build type 'ament_cmake'
[1.622s] INFO:colcon.colcon_cmake.task.cmake.build:Building CMake package in '/home/pi/ros2_ws/src/ldlidar_sl_ros2'
[1.623s] INFO:colcon.colcon_core.shell:Skip shell extension 'powershell' for command environment: Not usable outside of PowerShell
[1.623s] DEBUG:colcon.colcon_core.shell:Skip shell extension 'dsv' for command environment
[1.646s] INFO:colcon.colcon_ros.task.ament_cmake.build:Building ROS package in '/home/pi/ros2_ws/src/ydlidar_ros2_driver-humble' with build type 'ament_cmake'
[1.646s] INFO:colcon.colcon_cmake.task.cmake.build:Building CMake package in '/home/pi/ros2_ws/src/ydlidar_ros2_driver-humble'
[1.647s] INFO:colcon.colcon_core.shell:Skip shell extension 'powershell' for command environment: Not usable outside of PowerShell
[1.648s] DEBUG:colcon.colcon_core.shell:Skip shell extension 'dsv' for command environment
[1.687s] DEBUG:colcon.colcon_core.event_handler.log_command:Invoking command in '/home/pi/ros2_ws/build/ldlidar_ros2': CMAKE_PREFIX_PATH=${CMAKE_PREFIX_PATH}:/home/pi/ros2_ws/install/lidar_slam_bringup:/opt/ros/humble /usr/bin/cmake /home/pi/ros2_ws/src/ldlidar_ros2 -DCMAKE_INSTALL_PREFIX=/home/pi/ros2_ws/install/ldlidar_ros2
[1.712s] DEBUG:colcon.colcon_core.event_handler.log_command:Invoking command in '/home/pi/ros2_ws/build/rf2o_laser_odometry': CMAKE_PREFIX_PATH=${CMAKE_PREFIX_PATH}:/home/pi/ros2_ws/install/lidar_slam_bringup:/opt/ros/humble /usr/bin/cmake /home/pi/ros2_ws/src/rf2o_laser_odometry -DCMAKE_INSTALL_PREFIX=/home/pi/ros2_ws/install/rf2o_laser_odometry
[1.724s] DEBUG:colcon.colcon_core.event_handler.log_command:Invoking command in '/home/pi/ros2_ws/build/ldlidar_sl_ros2': CMAKE_PREFIX_PATH=${CMAKE_PREFIX_PATH}:/home/pi/ros2_ws/install/lidar_slam_bringup:/opt/ros/humble /usr/bin/cmake /home/pi/ros2_ws/src/ldlidar_sl_ros2 -DCMAKE_INSTALL_PREFIX=/home/pi/ros2_ws/install/ldlidar_sl_ros2
[1.752s] DEBUG:colcon.colcon_core.event_handler.log_command:Invoking command in '/home/pi/ros2_ws/build/ydlidar_ros2_driver': CMAKE_PREFIX_PATH=${CMAKE_PREFIX_PATH}:/home/pi/ros2_ws/install/lidar_slam_bringup:/opt/ros/humble /usr/bin/cmake /home/pi/ros2_ws/src/ydlidar_ros2_driver-humble -DCMAKE_INSTALL_PREFIX=/home/pi/ros2_ws/install/ydlidar_ros2_driver
[5.795s] DEBUG:colcon.colcon_core.event_handler.log_command:Invoked command in '/home/pi/ros2_ws/build/ldlidar_ros2' returned '0': CMAKE_PREFIX_PATH=${CMAKE_PREFIX_PATH}:/home/pi/ros2_ws/install/lidar_slam_bringup:/opt/ros/humble /usr/bin/cmake /home/pi/ros2_ws/src/ldlidar_ros2 -DCMAKE_INSTALL_PREFIX=/home/pi/ros2_ws/install/ldlidar_ros2
[5.797s] DEBUG:colcon.colcon_core.event_handler.log_command:Invoking command in '/home/pi/ros2_ws/build/ldlidar_ros2': CMAKE_PREFIX_PATH=${CMAKE_PREFIX_PATH}:/home/pi/ros2_ws/install/lidar_slam_bringup:/opt/ros/humble /usr/bin/cmake --build /home/pi/ros2_ws/build/ldlidar_ros2 -- -j4 -l4
[5.912s] DEBUG:colcon.colcon_core.event_handler.log_command:Invoked command in '/home/pi/ros2_ws/build/rf2o_laser_odometry' returned '0': CMAKE_PREFIX_PATH=${CMAKE_PREFIX_PATH}:/home/pi/ros2_ws/install/lidar_slam_bringup:/opt/ros/humble /usr/bin/cmake /home/pi/ros2_ws/src/rf2o_laser_odometry -DCMAKE_INSTALL_PREFIX=/home/pi/ros2_ws/install/rf2o_laser_odometry
[5.921s] DEBUG:colcon.colcon_core.event_handler.log_command:Invoking command in '/home/pi/ros2_ws/build/rf2o_laser_odometry': CMAKE_PREFIX_PATH=${CMAKE_PREFIX_PATH}:/home/pi/ros2_ws/install/lidar_slam_bringup:/opt/ros/humble /usr/bin/cmake --build /home/pi/ros2_ws/build/rf2o_laser_odometry -- -j4 -l4
[6.447s] DEBUG:colcon.colcon_core.event_handler.log_command:Invoked command in '/home/pi/ros2_ws/build/rf2o_laser_odometry' returned '0': CMAKE_PREFIX_PATH=${CMAKE_PREFIX_PATH}:/home/pi/ros2_ws/install/lidar_slam_bringup:/opt/ros/humble /usr/bin/cmake --build /home/pi/ros2_ws/build/rf2o_laser_odometry -- -j4 -l4
[6.495s] DEBUG:colcon.colcon_core.event_handler.log_command:Invoking command in '/home/pi/ros2_ws/build/rf2o_laser_odometry': CMAKE_PREFIX_PATH=${CMAKE_PREFIX_PATH}:/home/pi/ros2_ws/install/lidar_slam_bringup:/opt/ros/humble /usr/bin/cmake --install /home/pi/ros2_ws/build/rf2o_laser_odometry
[6.530s] DEBUG:colcon.colcon_core.event_handler.log_command:Invoked command in '/home/pi/ros2_ws/build/ldlidar_ros2' returned '0': CMAKE_PREFIX_PATH=${CMAKE_PREFIX_PATH}:/home/pi/ros2_ws/install/lidar_slam_bringup:/opt/ros/humble /usr/bin/cmake --build /home/pi/ros2_ws/build/ldlidar_ros2 -- -j4 -l4
[6.532s] DEBUG:colcon.colcon_core.event_handler.log_command:Invoking command in '/home/pi/ros2_ws/build/ldlidar_ros2': CMAKE_PREFIX_PATH=${CMAKE_PREFIX_PATH}:/home/pi/ros2_ws/install/lidar_slam_bringup:/opt/ros/humble /usr/bin/cmake --install /home/pi/ros2_ws/build/ldlidar_ros2
[6.601s] Level 1:colcon.colcon_core.environment:create_environment_scripts_only(rf2o_laser_odometry)
[6.603s] DEBUG:colcon.colcon_core.event_handler.log_command:Invoked command in '/home/pi/ros2_ws/build/rf2o_laser_odometry' returned '0': CMAKE_PREFIX_PATH=${CMAKE_PREFIX_PATH}:/home/pi/ros2_ws/install/lidar_slam_bringup:/opt/ros/humble /usr/bin/cmake --install /home/pi/ros2_ws/build/rf2o_laser_odometry
[6.624s] Level 1:colcon.colcon_core.environment:checking '/home/pi/ros2_ws/install/rf2o_laser_odometry' for CMake module files
[6.633s] Level 1:colcon.colcon_core.environment:checking '/home/pi/ros2_ws/install/rf2o_laser_odometry' for CMake config files
[6.636s] Level 1:colcon.colcon_core.shell:create_environment_hook('rf2o_laser_odometry', 'cmake_prefix_path')
[6.638s] INFO:colcon.colcon_core.shell:Creating environment hook '/home/pi/ros2_ws/install/rf2o_laser_odometry/share/rf2o_laser_odometry/hook/cmake_prefix_path.ps1'
[6.643s] INFO:colcon.colcon_core.shell:Creating environment descriptor '/home/pi/ros2_ws/install/rf2o_laser_odometry/share/rf2o_laser_odometry/hook/cmake_prefix_path.dsv'
[6.648s] INFO:colcon.colcon_core.shell:Creating environment hook '/home/pi/ros2_ws/install/rf2o_laser_odometry/share/rf2o_laser_odometry/hook/cmake_prefix_path.sh'
[6.655s] Level 1:colcon.colcon_core.environment:checking '/home/pi/ros2_ws/install/rf2o_laser_odometry/lib'
[6.657s] Level 1:colcon.colcon_core.environment:checking '/home/pi/ros2_ws/install/rf2o_laser_odometry/bin'
[6.658s] Level 1:colcon.colcon_core.environment:checking '/home/pi/ros2_ws/install/rf2o_laser_odometry/lib/pkgconfig/rf2o_laser_odometry.pc'
[6.659s] Level 1:colcon.colcon_core.environment:checking '/home/pi/ros2_ws/install/rf2o_laser_odometry/lib/python3.10/site-packages'
[6.662s] Level 1:colcon.colcon_core.environment:checking '/home/pi/ros2_ws/install/rf2o_laser_odometry/bin'
[6.665s] INFO:colcon.colcon_core.shell:Creating package script '/home/pi/ros2_ws/install/rf2o_laser_odometry/share/rf2o_laser_odometry/package.ps1'
[6.673s] INFO:colcon.colcon_core.shell:Creating package descriptor '/home/pi/ros2_ws/install/rf2o_laser_odometry/share/rf2o_laser_odometry/package.dsv'
[6.676s] INFO:colcon.colcon_core.shell:Creating package script '/home/pi/ros2_ws/install/rf2o_laser_odometry/share/rf2o_laser_odometry/package.sh'
[6.679s] INFO:colcon.colcon_core.shell:Creating package script '/home/pi/ros2_ws/install/rf2o_laser_odometry/share/rf2o_laser_odometry/package.bash'
[6.684s] INFO:colcon.colcon_core.shell:Creating package script '/home/pi/ros2_ws/install/rf2o_laser_odometry/share/rf2o_laser_odometry/package.zsh'
[6.688s] Level 1:colcon.colcon_core.environment:create_file_with_runtime_dependencies(/home/pi/ros2_ws/install/rf2o_laser_odometry/share/colcon-core/packages/rf2o_laser_odometry)
[6.693s] Level 1:colcon.colcon_core.environment:create_environment_scripts_only(rf2o_laser_odometry)
[6.694s] Level 1:colcon.colcon_core.environment:checking '/home/pi/ros2_ws/install/rf2o_laser_odometry' for CMake module files
[6.699s] Level 1:colcon.colcon_core.environment:checking '/home/pi/ros2_ws/install/rf2o_laser_odometry' for CMake config files
[6.702s] Level 1:colcon.colcon_core.shell:create_environment_hook('rf2o_laser_odometry', 'cmake_prefix_path')
[6.703s] INFO:colcon.colcon_core.shell:Creating environment hook '/home/pi/ros2_ws/install/rf2o_laser_odometry/share/rf2o_laser_odometry/hook/cmake_prefix_path.ps1'
[6.707s] INFO:colcon.colcon_core.shell:Creating environment descriptor '/home/pi/ros2_ws/install/rf2o_laser_odometry/share/rf2o_laser_odometry/hook/cmake_prefix_path.dsv'
[6.717s] INFO:colcon.colcon_core.shell:Creating environment hook '/home/pi/ros2_ws/install/rf2o_laser_odometry/share/rf2o_laser_odometry/hook/cmake_prefix_path.sh'
[6.722s] Level 1:colcon.colcon_core.environment:checking '/home/pi/ros2_ws/install/rf2o_laser_odometry/lib'
[6.722s] Level 1:colcon.colcon_core.environment:checking '/home/pi/ros2_ws/install/rf2o_laser_odometry/bin'
[6.723s] Level 1:colcon.colcon_core.environment:checking '/home/pi/ros2_ws/install/rf2o_laser_odometry/lib/pkgconfig/rf2o_laser_odometry.pc'
[6.724s] Level 1:colcon.colcon_core.environment:checking '/home/pi/ros2_ws/install/rf2o_laser_odometry/lib/python3.10/site-packages'
[6.726s] Level 1:colcon.colcon_core.environment:checking '/home/pi/ros2_ws/install/rf2o_laser_odometry/bin'
[6.728s] INFO:colcon.colcon_core.shell:Creating package script '/home/pi/ros2_ws/install/rf2o_laser_odometry/share/rf2o_laser_odometry/package.ps1'
[6.732s] INFO:colcon.colcon_core.shell:Creating package descriptor '/home/pi/ros2_ws/install/rf2o_laser_odometry/share/rf2o_laser_odometry/package.dsv'
[6.734s] INFO:colcon.colcon_core.shell:Creating package script '/home/pi/ros2_ws/install/rf2o_laser_odometry/share/rf2o_laser_odometry/package.sh'
[6.737s] INFO:colcon.colcon_core.shell:Creating package script '/home/pi/ros2_ws/install/rf2o_laser_odometry/share/rf2o_laser_odometry/package.bash'
[6.739s] INFO:colcon.colcon_core.shell:Creating package script '/home/pi/ros2_ws/install/rf2o_laser_odometry/share/rf2o_laser_odometry/package.zsh'
[6.742s] Level 1:colcon.colcon_core.environment:create_file_with_runtime_dependencies(/home/pi/ros2_ws/install/rf2o_laser_odometry/share/colcon-core/packages/rf2o_laser_odometry)
[6.747s] Level 1:colcon.colcon_core.environment:create_environment_scripts_only(ldlidar_ros2)
[6.748s] Level 1:colcon.colcon_core.environment:checking '/home/pi/ros2_ws/install/ldlidar_ros2' for CMake module files
[6.750s] DEBUG:colcon.colcon_core.event_handler.log_command:Invoked command in '/home/pi/ros2_ws/build/ldlidar_ros2' returned '0': CMAKE_PREFIX_PATH=${CMAKE_PREFIX_PATH}:/home/pi/ros2_ws/install/lidar_slam_bringup:/opt/ros/humble /usr/bin/cmake --install /home/pi/ros2_ws/build/ldlidar_ros2
[6.754s] Level 1:colcon.colcon_core.environment:checking '/home/pi/ros2_ws/install/ldlidar_ros2' for CMake config files
[6.756s] Level 1:colcon.colcon_core.shell:create_environment_hook('ldlidar_ros2', 'cmake_prefix_path')
[6.757s] INFO:colcon.colcon_core.shell:Creating environment hook '/home/pi/ros2_ws/install/ldlidar_ros2/share/ldlidar_ros2/hook/cmake_prefix_path.ps1'
[6.759s] INFO:colcon.colcon_core.shell:Creating environment descriptor '/home/pi/ros2_ws/install/ldlidar_ros2/share/ldlidar_ros2/hook/cmake_prefix_path.dsv'
[6.761s] INFO:colcon.colcon_core.shell:Creating environment hook '/home/pi/ros2_ws/install/ldlidar_ros2/share/ldlidar_ros2/hook/cmake_prefix_path.sh'
[6.764s] Level 1:colcon.colcon_core.environment:checking '/home/pi/ros2_ws/install/ldlidar_ros2/lib'
[6.765s] Level 1:colcon.colcon_core.environment:checking '/home/pi/ros2_ws/install/ldlidar_ros2/bin'
[6.766s] Level 1:colcon.colcon_core.environment:checking '/home/pi/ros2_ws/install/ldlidar_ros2/lib/pkgconfig/ldlidar_ros2.pc'
[6.767s] Level 1:colcon.colcon_core.environment:checking '/home/pi/ros2_ws/install/ldlidar_ros2/lib/python3.10/site-packages'
[6.770s] Level 1:colcon.colcon_core.environment:checking '/home/pi/ros2_ws/install/ldlidar_ros2/bin'
[6.772s] INFO:colcon.colcon_core.shell:Creating package script '/home/pi/ros2_ws/install/ldlidar_ros2/share/ldlidar_ros2/package.ps1'
[6.777s] INFO:colcon.colcon_core.shell:Creating package descriptor '/home/pi/ros2_ws/install/ldlidar_ros2/share/ldlidar_ros2/package.dsv'
[6.779s] INFO:colcon.colcon_core.shell:Creating package script '/home/pi/ros2_ws/install/ldlidar_ros2/share/ldlidar_ros2/package.sh'
[6.781s] INFO:colcon.colcon_core.shell:Creating package script '/home/pi/ros2_ws/install/ldlidar_ros2/share/ldlidar_ros2/package.bash'
[6.784s] INFO:colcon.colcon_core.shell:Creating package script '/home/pi/ros2_ws/install/ldlidar_ros2/share/ldlidar_ros2/package.zsh'
[6.786s] Level 1:colcon.colcon_core.environment:create_file_with_runtime_dependencies(/home/pi/ros2_ws/install/ldlidar_ros2/share/colcon-core/packages/ldlidar_ros2)
[6.789s] Level 1:colcon.colcon_core.environment:create_environment_scripts_only(ldlidar_ros2)
[6.790s] Level 1:colcon.colcon_core.environment:checking '/home/pi/ros2_ws/install/ldlidar_ros2' for CMake module files
[6.794s] Level 1:colcon.colcon_core.environment:checking '/home/pi/ros2_ws/install/ldlidar_ros2' for CMake config files
[6.796s] Level 1:colcon.colcon_core.shell:create_environment_hook('ldlidar_ros2', 'cmake_prefix_path')
[6.797s] INFO:colcon.colcon_core.shell:Creating environment hook '/home/pi/ros2_ws/install/ldlidar_ros2/share/ldlidar_ros2/hook/cmake_prefix_path.ps1'
[6.800s] INFO:colcon.colcon_core.shell:Creating environment descriptor '/home/pi/ros2_ws/install/ldlidar_ros2/share/ldlidar_ros2/hook/cmake_prefix_path.dsv'
[6.802s] INFO:colcon.colcon_core.shell:Creating environment hook '/home/pi/ros2_ws/install/ldlidar_ros2/share/ldlidar_ros2/hook/cmake_prefix_path.sh'
[6.805s] Level 1:colcon.colcon_core.environment:checking '/home/pi/ros2_ws/install/ldlidar_ros2/lib'
[6.806s] Level 1:colcon.colcon_core.environment:checking '/home/pi/ros2_ws/install/ldlidar_ros2/bin'
[6.807s] Level 1:colcon.colcon_core.environment:checking '/home/pi/ros2_ws/install/ldlidar_ros2/lib/pkgconfig/ldlidar_ros2.pc'
[6.808s] Level 1:colcon.colcon_core.environment:checking '/home/pi/ros2_ws/install/ldlidar_ros2/lib/python3.10/site-packages'
[6.810s] Level 1:colcon.colcon_core.environment:checking '/home/pi/ros2_ws/install/ldlidar_ros2/bin'
[6.812s] INFO:colcon.colcon_core.shell:Creating package script '/home/pi/ros2_ws/install/ldlidar_ros2/share/ldlidar_ros2/package.ps1'
[6.816s] INFO:colcon.colcon_core.shell:Creating package descriptor '/home/pi/ros2_ws/install/ldlidar_ros2/share/ldlidar_ros2/package.dsv'
[6.819s] INFO:colcon.colcon_core.shell:Creating package script '/home/pi/ros2_ws/install/ldlidar_ros2/share/ldlidar_ros2/package.sh'
[6.822s] INFO:colcon.colcon_core.shell:Creating package script '/home/pi/ros2_ws/install/ldlidar_ros2/share/ldlidar_ros2/package.bash'
[6.825s] INFO:colcon.colcon_core.shell:Creating package script '/home/pi/ros2_ws/install/ldlidar_ros2/share/ldlidar_ros2/package.zsh'
[6.828s] Level 1:colcon.colcon_core.environment:create_file_with_runtime_dependencies(/home/pi/ros2_ws/install/ldlidar_ros2/share/colcon-core/packages/ldlidar_ros2)
[6.832s] INFO:colcon.colcon_ros.task.ament_python.build:Building ROS package in '/home/pi/ros2_ws/src/lidar_slam_bringup' with build type 'ament_python'
[6.833s] Level 1:colcon.colcon_core.shell:create_environment_hook('lidar_slam_bringup', 'ament_prefix_path')
[6.834s] INFO:colcon.colcon_core.shell:Creating environment hook '/home/pi/ros2_ws/install/lidar_slam_bringup/share/lidar_slam_bringup/hook/ament_prefix_path.ps1'
[6.838s] INFO:colcon.colcon_core.shell:Creating environment descriptor '/home/pi/ros2_ws/install/lidar_slam_bringup/share/lidar_slam_bringup/hook/ament_prefix_path.dsv'
[6.840s] INFO:colcon.colcon_core.shell:Creating environment hook '/home/pi/ros2_ws/install/lidar_slam_bringup/share/lidar_slam_bringup/hook/ament_prefix_path.sh'
[6.844s] INFO:colcon.colcon_core.shell:Skip shell extension 'powershell' for command environment: Not usable outside of PowerShell
[6.844s] DEBUG:colcon.colcon_core.shell:Skip shell extension 'dsv' for command environment
[8.226s] INFO:colcon.colcon_core.task.python.build:Building Python package in '/home/pi/ros2_ws/src/lidar_slam_bringup'
[8.228s] INFO:colcon.colcon_core.shell:Skip shell extension 'powershell' for command environment: Not usable outside of PowerShell
[8.228s] DEBUG:colcon.colcon_core.shell:Skip shell extension 'dsv' for command environment
[10.332s] DEBUG:colcon.colcon_core.event_handler.log_command:Invoking command in '/home/pi/ros2_ws/build/lidar_slam_bringup': PYTHONPATH=/home/pi/ros2_ws/build/lidar_slam_bringup/prefix_override:/usr/lib/python3/dist-packages/colcon_core/task/python/colcon_distutils_commands:/home/pi/ros2_ws/install/lidar_slam_bringup/lib/python3.10/site-packages:${PYTHONPATH} /usr/bin/python3 -W ignore:setup.py install is deprecated -W ignore:easy_install command is deprecated setup.py develop --uninstall --editable --build-directory /home/pi/ros2_ws/build/lidar_slam_bringup/build
[10.586s] DEBUG:colcon.colcon_core.event_handler.log_command:Invoked command in '/home/pi/ros2_ws/build/ldlidar_sl_ros2' returned '0': CMAKE_PREFIX_PATH=${CMAKE_PREFIX_PATH}:/home/pi/ros2_ws/install/lidar_slam_bringup:/opt/ros/humble /usr/bin/cmake /home/pi/ros2_ws/src/ldlidar_sl_ros2 -DCMAKE_INSTALL_PREFIX=/home/pi/ros2_ws/install/ldlidar_sl_ros2
[10.595s] DEBUG:colcon.colcon_core.event_handler.log_command:Invoking command in '/home/pi/ros2_ws/build/ldlidar_sl_ros2': CMAKE_PREFIX_PATH=${CMAKE_PREFIX_PATH}:/home/pi/ros2_ws/install/lidar_slam_bringup:/opt/ros/humble /usr/bin/cmake --build /home/pi/ros2_ws/build/ldlidar_sl_ros2 -- -j4 -l4
[11.080s] DEBUG:colcon.colcon_core.event_handler.log_command:Invoked command in '/home/pi/ros2_ws/build/ydlidar_ros2_driver' returned '0': CMAKE_PREFIX_PATH=${CMAKE_PREFIX_PATH}:/home/pi/ros2_ws/install/lidar_slam_bringup:/opt/ros/humble /usr/bin/cmake /home/pi/ros2_ws/src/ydlidar_ros2_driver-humble -DCMAKE_INSTALL_PREFIX=/home/pi/ros2_ws/install/ydlidar_ros2_driver
[11.082s] DEBUG:colcon.colcon_core.event_handler.log_command:Invoking command in '/home/pi/ros2_ws/build/ydlidar_ros2_driver': CMAKE_PREFIX_PATH=${CMAKE_PREFIX_PATH}:/home/pi/ros2_ws/install/lidar_slam_bringup:/opt/ros/humble /usr/bin/cmake --build /home/pi/ros2_ws/build/ydlidar_ros2_driver -- -j4 -l4
[13.831s] DEBUG:colcon.colcon_core.event_handler.log_command:Invoked command in '/home/pi/ros2_ws/build/lidar_slam_bringup' returned '0': PYTHONPATH=/home/pi/ros2_ws/build/lidar_slam_bringup/prefix_override:/usr/lib/python3/dist-packages/colcon_core/task/python/colcon_distutils_commands:/home/pi/ros2_ws/install/lidar_slam_bringup/lib/python3.10/site-packages:${PYTHONPATH} /usr/bin/python3 -W ignore:setup.py install is deprecated -W ignore:easy_install command is deprecated setup.py develop --uninstall --editable --build-directory /home/pi/ros2_ws/build/lidar_slam_bringup/build
[13.833s] DEBUG:colcon.colcon_core.event_handler.log_command:Invoking command in '/home/pi/ros2_ws/src/lidar_slam_bringup': PYTHONPATH=/home/pi/ros2_ws/build/lidar_slam_bringup/prefix_override:/usr/lib/python3/dist-packages/colcon_core/task/python/colcon_distutils_commands:/home/pi/ros2_ws/install/lidar_slam_bringup/lib/python3.10/site-packages:${PYTHONPATH} /usr/bin/python3 -W ignore:setup.py install is deprecated -W ignore:easy_install command is deprecated setup.py egg_info --egg-base ../../build/lidar_slam_bringup build --build-base /home/pi/ros2_ws/build/lidar_slam_bringup/build install --record /home/pi/ros2_ws/build/lidar_slam_bringup/install.log --single-version-externally-managed install_data --force
[17.334s] Level 1:colcon.colcon_core.environment:checking '/home/pi/ros2_ws/install/lidar_slam_bringup' for CMake module files
[17.338s] DEBUG:colcon.colcon_core.event_handler.log_command:Invoked command in '/home/pi/ros2_ws/src/lidar_slam_bringup' returned '0': PYTHONPATH=/home/pi/ros2_ws/build/lidar_slam_bringup/prefix_override:/usr/lib/python3/dist-packages/colcon_core/task/python/colcon_distutils_commands:/home/pi/ros2_ws/install/lidar_slam_bringup/lib/python3.10/site-packages:${PYTHONPATH} /usr/bin/python3 -W ignore:setup.py install is deprecated -W ignore:easy_install command is deprecated setup.py egg_info --egg-base ../../build/lidar_slam_bringup build --build-base /home/pi/ros2_ws/build/lidar_slam_bringup/build install --record /home/pi/ros2_ws/build/lidar_slam_bringup/install.log --single-version-externally-managed install_data --force
[17.340s] Level 1:colcon.colcon_core.environment:checking '/home/pi/ros2_ws/install/lidar_slam_bringup' for CMake config files
[17.347s] Level 1:colcon.colcon_core.environment:checking '/home/pi/ros2_ws/install/lidar_slam_bringup/lib'
[17.348s] Level 1:colcon.colcon_core.environment:checking '/home/pi/ros2_ws/install/lidar_slam_bringup/bin'
[17.349s] Level 1:colcon.colcon_core.environment:checking '/home/pi/ros2_ws/install/lidar_slam_bringup/lib/pkgconfig/lidar_slam_bringup.pc'
[17.350s] Level 1:colcon.colcon_core.environment:checking '/home/pi/ros2_ws/install/lidar_slam_bringup/lib/python3.10/site-packages'
[17.351s] Level 1:colcon.colcon_core.shell:create_environment_hook('lidar_slam_bringup', 'pythonpath')
[17.352s] INFO:colcon.colcon_core.shell:Creating environment hook '/home/pi/ros2_ws/install/lidar_slam_bringup/share/lidar_slam_bringup/hook/pythonpath.ps1'
[17.371s] INFO:colcon.colcon_core.shell:Creating environment descriptor '/home/pi/ros2_ws/install/lidar_slam_bringup/share/lidar_slam_bringup/hook/pythonpath.dsv'
[17.385s] INFO:colcon.colcon_core.shell:Creating environment hook '/home/pi/ros2_ws/install/lidar_slam_bringup/share/lidar_slam_bringup/hook/pythonpath.sh'
[17.391s] Level 1:colcon.colcon_core.environment:checking '/home/pi/ros2_ws/install/lidar_slam_bringup/bin'
[17.392s] Level 1:colcon.colcon_core.environment:create_environment_scripts_only(lidar_slam_bringup)
[17.394s] INFO:colcon.colcon_core.shell:Creating package script '/home/pi/ros2_ws/install/lidar_slam_bringup/share/lidar_slam_bringup/package.ps1'
[17.413s] INFO:colcon.colcon_core.shell:Creating package descriptor '/home/pi/ros2_ws/install/lidar_slam_bringup/share/lidar_slam_bringup/package.dsv'
[17.418s] INFO:colcon.colcon_core.shell:Creating package script '/home/pi/ros2_ws/install/lidar_slam_bringup/share/lidar_slam_bringup/package.sh'
[17.437s] INFO:colcon.colcon_core.shell:Creating package script '/home/pi/ros2_ws/install/lidar_slam_bringup/share/lidar_slam_bringup/package.bash'
[17.443s] INFO:colcon.colcon_core.shell:Creating package script '/home/pi/ros2_ws/install/lidar_slam_bringup/share/lidar_slam_bringup/package.zsh'
[17.447s] Level 1:colcon.colcon_core.environment:create_file_with_runtime_dependencies(/home/pi/ros2_ws/install/lidar_slam_bringup/share/colcon-core/packages/lidar_slam_bringup)
[45.134s] DEBUG:colcon.colcon_core.event_handler.log_command:Invoked command in '/home/pi/ros2_ws/build/ldlidar_sl_ros2' returned '0': CMAKE_PREFIX_PATH=${CMAKE_PREFIX_PATH}:/home/pi/ros2_ws/install/lidar_slam_bringup:/opt/ros/humble /usr/bin/cmake --build /home/pi/ros2_ws/build/ldlidar_sl_ros2 -- -j4 -l4
[45.146s] DEBUG:colcon.colcon_core.event_handler.log_command:Invoking command in '/home/pi/ros2_ws/build/ldlidar_sl_ros2': CMAKE_PREFIX_PATH=${CMAKE_PREFIX_PATH}:/home/pi/ros2_ws/install/lidar_slam_bringup:/opt/ros/humble /usr/bin/cmake --install /home/pi/ros2_ws/build/ldlidar_sl_ros2
[45.249s] Level 1:colcon.colcon_core.environment:create_environment_scripts_only(ldlidar_sl_ros2)
[45.253s] Level 1:colcon.colcon_core.environment:checking '/home/pi/ros2_ws/install/ldlidar_sl_ros2' for CMake module files
[45.272s] DEBUG:colcon.colcon_core.event_handler.log_command:Invoked command in '/home/pi/ros2_ws/build/ldlidar_sl_ros2' returned '0': CMAKE_PREFIX_PATH=${CMAKE_PREFIX_PATH}:/home/pi/ros2_ws/install/lidar_slam_bringup:/opt/ros/humble /usr/bin/cmake --install /home/pi/ros2_ws/build/ldlidar_sl_ros2
[45.274s] Level 1:colcon.colcon_core.environment:checking '/home/pi/ros2_ws/install/ldlidar_sl_ros2' for CMake config files
[45.276s] Level 1:colcon.colcon_core.shell:create_environment_hook('ldlidar_sl_ros2', 'cmake_prefix_path')
[45.278s] INFO:colcon.colcon_core.shell:Creating environment hook '/home/pi/ros2_ws/install/ldlidar_sl_ros2/share/ldlidar_sl_ros2/hook/cmake_prefix_path.ps1'
[45.281s] INFO:colcon.colcon_core.shell:Creating environment descriptor '/home/pi/ros2_ws/install/ldlidar_sl_ros2/share/ldlidar_sl_ros2/hook/cmake_prefix_path.dsv'
[45.284s] INFO:colcon.colcon_core.shell:Creating environment hook '/home/pi/ros2_ws/install/ldlidar_sl_ros2/share/ldlidar_sl_ros2/hook/cmake_prefix_path.sh'
[45.288s] Level 1:colcon.colcon_core.environment:checking '/home/pi/ros2_ws/install/ldlidar_sl_ros2/lib'
[45.289s] Level 1:colcon.colcon_core.environment:checking '/home/pi/ros2_ws/install/ldlidar_sl_ros2/bin'
[45.290s] Level 1:colcon.colcon_core.environment:checking '/home/pi/ros2_ws/install/ldlidar_sl_ros2/lib/pkgconfig/ldlidar_sl_ros2.pc'
[45.291s] Level 1:colcon.colcon_core.environment:checking '/home/pi/ros2_ws/install/ldlidar_sl_ros2/lib/python3.10/site-packages'
[45.294s] Level 1:colcon.colcon_core.environment:checking '/home/pi/ros2_ws/install/ldlidar_sl_ros2/bin'
[45.296s] INFO:colcon.colcon_core.shell:Creating package script '/home/pi/ros2_ws/install/ldlidar_sl_ros2/share/ldlidar_sl_ros2/package.ps1'
[45.300s] INFO:colcon.colcon_core.shell:Creating package descriptor '/home/pi/ros2_ws/install/ldlidar_sl_ros2/share/ldlidar_sl_ros2/package.dsv'
[45.304s] INFO:colcon.colcon_core.shell:Creating package script '/home/pi/ros2_ws/install/ldlidar_sl_ros2/share/ldlidar_sl_ros2/package.sh'
[45.308s] INFO:colcon.colcon_core.shell:Creating package script '/home/pi/ros2_ws/install/ldlidar_sl_ros2/share/ldlidar_sl_ros2/package.bash'
[45.311s] INFO:colcon.colcon_core.shell:Creating package script '/home/pi/ros2_ws/install/ldlidar_sl_ros2/share/ldlidar_sl_ros2/package.zsh'
[45.314s] Level 1:colcon.colcon_core.environment:create_file_with_runtime_dependencies(/home/pi/ros2_ws/install/ldlidar_sl_ros2/share/colcon-core/packages/ldlidar_sl_ros2)
[45.319s] Level 1:colcon.colcon_core.environment:create_environment_scripts_only(ldlidar_sl_ros2)
[45.321s] Level 1:colcon.colcon_core.environment:checking '/home/pi/ros2_ws/install/ldlidar_sl_ros2' for CMake module files
[45.325s] Level 1:colcon.colcon_core.environment:checking '/home/pi/ros2_ws/install/ldlidar_sl_ros2' for CMake config files
[45.327s] Level 1:colcon.colcon_core.shell:create_environment_hook('ldlidar_sl_ros2', 'cmake_prefix_path')
[45.329s] INFO:colcon.colcon_core.shell:Creating environment hook '/home/pi/ros2_ws/install/ldlidar_sl_ros2/share/ldlidar_sl_ros2/hook/cmake_prefix_path.ps1'
[45.332s] INFO:colcon.colcon_core.shell:Creating environment descriptor '/home/pi/ros2_ws/install/ldlidar_sl_ros2/share/ldlidar_sl_ros2/hook/cmake_prefix_path.dsv'
[45.336s] INFO:colcon.colcon_core.shell:Creating environment hook '/home/pi/ros2_ws/install/ldlidar_sl_ros2/share/ldlidar_sl_ros2/hook/cmake_prefix_path.sh'
[45.342s] Level 1:colcon.colcon_core.environment:checking '/home/pi/ros2_ws/install/ldlidar_sl_ros2/lib'
[45.343s] Level 1:colcon.colcon_core.environment:checking '/home/pi/ros2_ws/install/ldlidar_sl_ros2/bin'
[45.344s] Level 1:colcon.colcon_core.environment:checking '/home/pi/ros2_ws/install/ldlidar_sl_ros2/lib/pkgconfig/ldlidar_sl_ros2.pc'
[45.345s] Level 1:colcon.colcon_core.environment:checking '/home/pi/ros2_ws/install/ldlidar_sl_ros2/lib/python3.10/site-packages'
[45.347s] Level 1:colcon.colcon_core.environment:checking '/home/pi/ros2_ws/install/ldlidar_sl_ros2/bin'
[45.349s] INFO:colcon.colcon_core.shell:Creating package script '/home/pi/ros2_ws/install/ldlidar_sl_ros2/share/ldlidar_sl_ros2/package.ps1'
[45.355s] INFO:colcon.colcon_core.shell:Creating package descriptor '/home/pi/ros2_ws/install/ldlidar_sl_ros2/share/ldlidar_sl_ros2/package.dsv'
[45.359s] INFO:colcon.colcon_core.shell:Creating package script '/home/pi/ros2_ws/install/ldlidar_sl_ros2/share/ldlidar_sl_ros2/package.sh'
[45.362s] INFO:colcon.colcon_core.shell:Creating package script '/home/pi/ros2_ws/install/ldlidar_sl_ros2/share/ldlidar_sl_ros2/package.bash'
[45.366s] INFO:colcon.colcon_core.shell:Creating package script '/home/pi/ros2_ws/install/ldlidar_sl_ros2/share/ldlidar_sl_ros2/package.zsh'
[45.370s] Level 1:colcon.colcon_core.environment:create_file_with_runtime_dependencies(/home/pi/ros2_ws/install/ldlidar_sl_ros2/share/colcon-core/packages/ldlidar_sl_ros2)
[60.280s] DEBUG:colcon.colcon_core.event_handler.log_command:Invoked command in '/home/pi/ros2_ws/build/ydlidar_ros2_driver' returned '0': CMAKE_PREFIX_PATH=${CMAKE_PREFIX_PATH}:/home/pi/ros2_ws/install/lidar_slam_bringup:/opt/ros/humble /usr/bin/cmake --build /home/pi/ros2_ws/build/ydlidar_ros2_driver -- -j4 -l4
[60.290s] DEBUG:colcon.colcon_core.event_handler.log_command:Invoking command in '/home/pi/ros2_ws/build/ydlidar_ros2_driver': CMAKE_PREFIX_PATH=${CMAKE_PREFIX_PATH}:/home/pi/ros2_ws/install/lidar_slam_bringup:/opt/ros/humble /usr/bin/cmake --install /home/pi/ros2_ws/build/ydlidar_ros2_driver
[60.407s] Level 1:colcon.colcon_core.environment:create_environment_scripts_only(ydlidar_ros2_driver)
[60.408s] Level 1:colcon.colcon_core.environment:checking '/home/pi/ros2_ws/install/ydlidar_ros2_driver' for CMake module files
[60.410s] DEBUG:colcon.colcon_core.event_handler.log_command:Invoked command in '/home/pi/ros2_ws/build/ydlidar_ros2_driver' returned '0': CMAKE_PREFIX_PATH=${CMAKE_PREFIX_PATH}:/home/pi/ros2_ws/install/lidar_slam_bringup:/opt/ros/humble /usr/bin/cmake --install /home/pi/ros2_ws/build/ydlidar_ros2_driver
[60.412s] Level 1:colcon.colcon_core.environment:checking '/home/pi/ros2_ws/install/ydlidar_ros2_driver' for CMake config files
[60.413s] Level 1:colcon.colcon_core.shell:create_environment_hook('ydlidar_ros2_driver', 'cmake_prefix_path')
[60.415s] INFO:colcon.colcon_core.shell:Creating environment hook '/home/pi/ros2_ws/install/ydlidar_ros2_driver/share/ydlidar_ros2_driver/hook/cmake_prefix_path.ps1'
[60.417s] INFO:colcon.colcon_core.shell:Creating environment descriptor '/home/pi/ros2_ws/install/ydlidar_ros2_driver/share/ydlidar_ros2_driver/hook/cmake_prefix_path.dsv'
[60.419s] INFO:colcon.colcon_core.shell:Creating environment hook '/home/pi/ros2_ws/install/ydlidar_ros2_driver/share/ydlidar_ros2_driver/hook/cmake_prefix_path.sh'
[60.422s] Level 1:colcon.colcon_core.environment:checking '/home/pi/ros2_ws/install/ydlidar_ros2_driver/lib'
[60.423s] Level 1:colcon.colcon_core.environment:checking '/home/pi/ros2_ws/install/ydlidar_ros2_driver/bin'
[60.423s] Level 1:colcon.colcon_core.environment:checking '/home/pi/ros2_ws/install/ydlidar_ros2_driver/lib/pkgconfig/ydlidar_ros2_driver.pc'
[60.424s] Level 1:colcon.colcon_core.environment:checking '/home/pi/ros2_ws/install/ydlidar_ros2_driver/lib/python3.10/site-packages'
[60.426s] Level 1:colcon.colcon_core.environment:checking '/home/pi/ros2_ws/install/ydlidar_ros2_driver/bin'
[60.427s] INFO:colcon.colcon_core.shell:Creating package script '/home/pi/ros2_ws/install/ydlidar_ros2_driver/share/ydlidar_ros2_driver/package.ps1'
[60.430s] INFO:colcon.colcon_core.shell:Creating package descriptor '/home/pi/ros2_ws/install/ydlidar_ros2_driver/share/ydlidar_ros2_driver/package.dsv'
[60.432s] INFO:colcon.colcon_core.shell:Creating package script '/home/pi/ros2_ws/install/ydlidar_ros2_driver/share/ydlidar_ros2_driver/package.sh'
[60.433s] INFO:colcon.colcon_core.shell:Creating package script '/home/pi/ros2_ws/install/ydlidar_ros2_driver/share/ydlidar_ros2_driver/package.bash'
[60.435s] INFO:colcon.colcon_core.shell:Creating package script '/home/pi/ros2_ws/install/ydlidar_ros2_driver/share/ydlidar_ros2_driver/package.zsh'
[60.437s] Level 1:colcon.colcon_core.environment:create_file_with_runtime_dependencies(/home/pi/ros2_ws/install/ydlidar_ros2_driver/share/colcon-core/packages/ydlidar_ros2_driver)
[60.439s] Level 1:colcon.colcon_core.environment:create_environment_scripts_only(ydlidar_ros2_driver)
[60.440s] Level 1:colcon.colcon_core.environment:checking '/home/pi/ros2_ws/install/ydlidar_ros2_driver' for CMake module files
[60.443s] Level 1:colcon.colcon_core.environment:checking '/home/pi/ros2_ws/install/ydlidar_ros2_driver' for CMake config files
[60.445s] Level 1:colcon.colcon_core.shell:create_environment_hook('ydlidar_ros2_driver', 'cmake_prefix_path')
[60.446s] INFO:colcon.colcon_core.shell:Creating environment hook '/home/pi/ros2_ws/install/ydlidar_ros2_driver/share/ydlidar_ros2_driver/hook/cmake_prefix_path.ps1'
[60.448s] INFO:colcon.colcon_core.shell:Creating environment descriptor '/home/pi/ros2_ws/install/ydlidar_ros2_driver/share/ydlidar_ros2_driver/hook/cmake_prefix_path.dsv'
[60.450s] INFO:colcon.colcon_core.shell:Creating environment hook '/home/pi/ros2_ws/install/ydlidar_ros2_driver/share/ydlidar_ros2_driver/hook/cmake_prefix_path.sh'
[60.453s] Level 1:colcon.colcon_core.environment:checking '/home/pi/ros2_ws/install/ydlidar_ros2_driver/lib'
[60.453s] Level 1:colcon.colcon_core.environment:checking '/home/pi/ros2_ws/install/ydlidar_ros2_driver/bin'
[60.454s] Level 1:colcon.colcon_core.environment:checking '/home/pi/ros2_ws/install/ydlidar_ros2_driver/lib/pkgconfig/ydlidar_ros2_driver.pc'
[60.455s] Level 1:colcon.colcon_core.environment:checking '/home/pi/ros2_ws/install/ydlidar_ros2_driver/lib/python3.10/site-packages'
[60.456s] Level 1:colcon.colcon_core.environment:checking '/home/pi/ros2_ws/install/ydlidar_ros2_driver/bin'
[60.457s] INFO:colcon.colcon_core.shell:Creating package script '/home/pi/ros2_ws/install/ydlidar_ros2_driver/share/ydlidar_ros2_driver/package.ps1'
[60.460s] INFO:colcon.colcon_core.shell:Creating package descriptor '/home/pi/ros2_ws/install/ydlidar_ros2_driver/share/ydlidar_ros2_driver/package.dsv'
[60.463s] INFO:colcon.colcon_core.shell:Creating package script '/home/pi/ros2_ws/install/ydlidar_ros2_driver/share/ydlidar_ros2_driver/package.sh'
[60.465s] INFO:colcon.colcon_core.shell:Creating package script '/home/pi/ros2_ws/install/ydlidar_ros2_driver/share/ydlidar_ros2_driver/package.bash'
[60.467s] INFO:colcon.colcon_core.shell:Creating package script '/home/pi/ros2_ws/install/ydlidar_ros2_driver/share/ydlidar_ros2_driver/package.zsh'
[60.469s] Level 1:colcon.colcon_core.environment:create_file_with_runtime_dependencies(/home/pi/ros2_ws/install/ydlidar_ros2_driver/share/colcon-core/packages/ydlidar_ros2_driver)
[60.470s] DEBUG:colcon.colcon_parallel_executor.executor.parallel:closing loop
[60.472s] DEBUG:colcon.colcon_parallel_executor.executor.parallel:loop closed
[60.472s] DEBUG:colcon.colcon_parallel_executor.executor.parallel:run_until_complete finished with '0'
[60.473s] DEBUG:colcon.colcon_core.event_reactor:joining thread
[60.475s] DEBUG:colcon.colcon_core.event_reactor:joined thread
[60.477s] INFO:colcon.colcon_core.shell:Creating prefix script '/home/pi/ros2_ws/install/local_setup.ps1'
[60.482s] INFO:colcon.colcon_core.shell:Creating prefix util module '/home/pi/ros2_ws/install/_local_setup_util_ps1.py'
[60.489s] INFO:colcon.colcon_core.shell:Creating prefix chain script '/home/pi/ros2_ws/install/setup.ps1'
[60.500s] INFO:colcon.colcon_core.shell:Creating prefix script '/home/pi/ros2_ws/install/local_setup.sh'
[60.503s] INFO:colcon.colcon_core.shell:Creating prefix util module '/home/pi/ros2_ws/install/_local_setup_util_sh.py'
[60.507s] INFO:colcon.colcon_core.shell:Creating prefix chain script '/home/pi/ros2_ws/install/setup.sh'
[60.514s] INFO:colcon.colcon_core.shell:Creating prefix script '/home/pi/ros2_ws/install/local_setup.bash'
[60.517s] INFO:colcon.colcon_core.shell:Creating prefix chain script '/home/pi/ros2_ws/install/setup.bash'
[60.523s] INFO:colcon.colcon_core.shell:Creating prefix script '/home/pi/ros2_ws/install/local_setup.zsh'
[60.526s] INFO:colcon.colcon_core.shell:Creating prefix chain script '/home/pi/ros2_ws/install/setup.zsh'
