[0.114s] Invoking command in '/home/pi/ros2_ws/build/rf2o_laser_odometry': CMAKE_PREFIX_PATH=${CMAKE_PREFIX_PATH}:/home/pi/ros2_ws/install/lidar_slam_bringup:/opt/ros/humble /usr/bin/cmake /home/pi/ros2_ws/src/rf2o_laser_odometry -DCMAKE_INSTALL_PREFIX=/home/pi/ros2_ws/install/rf2o_laser_odometry
[0.167s] -- Found ament_cmake: 1.3.14 (/opt/ros/humble/share/ament_cmake/cmake)
[1.066s] -- Override CMake install command with custom implementation using symlinks instead of copying resources
[1.141s] -- Found rclcpp: 16.0.19 (/opt/ros/humble/share/rclcpp/cmake)
[1.333s] -- Found rosidl_generator_c: 3.1.8 (/opt/ros/humble/share/rosidl_generator_c/cmake)
[1.386s] -- Found rosidl_adapter: 3.1.8 (/opt/ros/humble/share/rosidl_adapter/cmake)
[1.420s] -- Found rosidl_generator_cpp: 3.1.8 (/opt/ros/humble/share/rosidl_generator_cpp/cmake)
[1.483s] -- Using all available rosidl_typesupport_c: rosidl_typesupport_fastrtps_c;rosidl_typesupport_introspection_c
[1.554s] -- Using all available rosidl_typesupport_cpp: rosidl_typesupport_fastrtps_cpp;rosidl_typesupport_introspection_cpp
[1.736s] -- Found rmw_implementation_cmake: 6.1.2 (/opt/ros/humble/share/rmw_implementation_cmake/cmake)
[1.744s] -- Found rmw_fastrtps_cpp: 6.2.10 (/opt/ros/humble/share/rmw_fastrtps_cpp/cmake)
[2.597s] -- Using RMW implementation 'rmw_fastrtps_cpp' as default
[2.912s] -- Found geometry_msgs: 4.9.1 (/opt/ros/humble/share/geometry_msgs/cmake)
[2.992s] -- Found tf2_geometry_msgs: 0.25.20 (/opt/ros/humble/share/tf2_geometry_msgs/cmake)
[3.011s] -- Found eigen3_cmake_module: 0.1.1 (/opt/ros/humble/share/eigen3_cmake_module/cmake)
[3.018s] -- Ensuring Eigen3 include directory is part of orocos-kdl CMake target
[3.582s] -- Found sensor_msgs: 4.9.1 (/opt/ros/humble/share/sensor_msgs/cmake)
[3.666s] -- Found nav_msgs: 4.9.1 (/opt/ros/humble/share/nav_msgs/cmake)
[4.124s] -- Configuring done
[4.242s] -- Generating done
[4.274s] -- Build files have been written to: /home/pi/ros2_ws/build/rf2o_laser_odometry
[4.314s] Invoked command in '/home/pi/ros2_ws/build/rf2o_laser_odometry' returned '0': CMAKE_PREFIX_PATH=${CMAKE_PREFIX_PATH}:/home/pi/ros2_ws/install/lidar_slam_bringup:/opt/ros/humble /usr/bin/cmake /home/pi/ros2_ws/src/rf2o_laser_odometry -DCMAKE_INSTALL_PREFIX=/home/pi/ros2_ws/install/rf2o_laser_odometry
[4.323s] Invoking command in '/home/pi/ros2_ws/build/rf2o_laser_odometry': CMAKE_PREFIX_PATH=${CMAKE_PREFIX_PATH}:/home/pi/ros2_ws/install/lidar_slam_bringup:/opt/ros/humble /usr/bin/cmake --build /home/pi/ros2_ws/build/rf2o_laser_odometry -- -j4 -l4
[4.528s] [35m[1mConsolidate compiler generated dependencies of target rf2o_laser_odometry_node[0m
[4.592s] [35m[1mConsolidate compiler generated dependencies of target rf2o_laser_odometry[0m
[4.751s] [ 60%] Built target rf2o_laser_odometry_node
[4.797s] [100%] Built target rf2o_laser_odometry
[4.849s] Invoked command in '/home/pi/ros2_ws/build/rf2o_laser_odometry' returned '0': CMAKE_PREFIX_PATH=${CMAKE_PREFIX_PATH}:/home/pi/ros2_ws/install/lidar_slam_bringup:/opt/ros/humble /usr/bin/cmake --build /home/pi/ros2_ws/build/rf2o_laser_odometry -- -j4 -l4
[4.897s] Invoking command in '/home/pi/ros2_ws/build/rf2o_laser_odometry': CMAKE_PREFIX_PATH=${CMAKE_PREFIX_PATH}:/home/pi/ros2_ws/install/lidar_slam_bringup:/opt/ros/humble /usr/bin/cmake --install /home/pi/ros2_ws/build/rf2o_laser_odometry
[4.937s] -- Install configuration: ""
[4.939s] -- Execute custom install script
[4.940s] -- Up-to-date symlink: /home/pi/ros2_ws/install/rf2o_laser_odometry/lib/rf2o_laser_odometry/rf2o_laser_odometry_node
[4.942s] -- Up-to-date symlink: /home/pi/ros2_ws/install/rf2o_laser_odometry/share/rf2o_laser_odometry/launch/rf2o_laser_odometry.launch.py
[4.945s] -- Up-to-date symlink: /home/pi/ros2_ws/install/rf2o_laser_odometry/share/ament_index/resource_index/package_run_dependencies/rf2o_laser_odometry
[4.948s] -- Up-to-date symlink: /home/pi/ros2_ws/install/rf2o_laser_odometry/share/ament_index/resource_index/parent_prefix_path/rf2o_laser_odometry
[4.955s] -- Up-to-date symlink: /home/pi/ros2_ws/install/rf2o_laser_odometry/share/rf2o_laser_odometry/environment/ament_prefix_path.sh
[4.957s] -- Up-to-date symlink: /home/pi/ros2_ws/install/rf2o_laser_odometry/share/rf2o_laser_odometry/environment/ament_prefix_path.dsv
[4.958s] -- Up-to-date symlink: /home/pi/ros2_ws/install/rf2o_laser_odometry/share/rf2o_laser_odometry/environment/path.sh
[4.964s] -- Up-to-date symlink: /home/pi/ros2_ws/install/rf2o_laser_odometry/share/rf2o_laser_odometry/environment/path.dsv
[4.966s] -- Up-to-date symlink: /home/pi/ros2_ws/install/rf2o_laser_odometry/share/rf2o_laser_odometry/local_setup.bash
[4.968s] -- Up-to-date symlink: /home/pi/ros2_ws/install/rf2o_laser_odometry/share/rf2o_laser_odometry/local_setup.sh
[4.969s] -- Up-to-date symlink: /home/pi/ros2_ws/install/rf2o_laser_odometry/share/rf2o_laser_odometry/local_setup.zsh
[4.973s] -- Up-to-date symlink: /home/pi/ros2_ws/install/rf2o_laser_odometry/share/rf2o_laser_odometry/local_setup.dsv
[4.976s] -- Symlinking: /home/pi/ros2_ws/install/rf2o_laser_odometry/share/rf2o_laser_odometry/package.dsv
[4.994s] -- Up-to-date symlink: /home/pi/ros2_ws/install/rf2o_laser_odometry/share/ament_index/resource_index/packages/rf2o_laser_odometry
[4.995s] -- Up-to-date symlink: /home/pi/ros2_ws/install/rf2o_laser_odometry/share/rf2o_laser_odometry/cmake/rf2o_laser_odometryConfig.cmake
[4.997s] -- Up-to-date symlink: /home/pi/ros2_ws/install/rf2o_laser_odometry/share/rf2o_laser_odometry/cmake/rf2o_laser_odometryConfig-version.cmake
[4.997s] -- Up-to-date symlink: /home/pi/ros2_ws/install/rf2o_laser_odometry/share/rf2o_laser_odometry/package.xml
[5.005s] Invoked command in '/home/pi/ros2_ws/build/rf2o_laser_odometry' returned '0': CMAKE_PREFIX_PATH=${CMAKE_PREFIX_PATH}:/home/pi/ros2_ws/install/lidar_slam_bringup:/opt/ros/humble /usr/bin/cmake --install /home/pi/ros2_ws/build/rf2o_laser_odometry
