[2.704s] Invoking command in '/home/pi/ros2_ws/build/lidar_slam_bringup': PYTHONPATH=/home/pi/ros2_ws/build/lidar_slam_bringup/prefix_override:/usr/lib/python3/dist-packages/colcon_core/task/python/colcon_distutils_commands:/home/pi/ros2_ws/install/lidar_slam_bringup/lib/python3.10/site-packages:${PYTHONPATH} /usr/bin/python3 -W ignore:setup.py install is deprecated -W ignore:easy_install command is deprecated setup.py develop --uninstall --editable --build-directory /home/pi/ros2_ws/build/lidar_slam_bringup/build
[3.796s] running develop
[4.471s] Removing /home/pi/ros2_ws/install/lidar_slam_bringup/lib/python3.10/site-packages/lidar-slam-bringup.egg-link (link to .)
[4.598s] Invoked command in '/home/pi/ros2_ws/build/lidar_slam_bringup' returned '0': PYTHONPATH=/home/pi/ros2_ws/build/lidar_slam_bringup/prefix_override:/usr/lib/python3/dist-packages/colcon_core/task/python/colcon_distutils_commands:/home/pi/ros2_ws/install/lidar_slam_bringup/lib/python3.10/site-packages:${PYTHONPATH} /usr/bin/python3 -W ignore:setup.py install is deprecated -W ignore:easy_install command is deprecated setup.py develop --uninstall --editable --build-directory /home/pi/ros2_ws/build/lidar_slam_bringup/build
[4.605s] Invoking command in '/home/pi/ros2_ws/src/lidar_slam_bringup': PYTHONPATH=/home/pi/ros2_ws/build/lidar_slam_bringup/prefix_override:/usr/lib/python3/dist-packages/colcon_core/task/python/colcon_distutils_commands:/home/pi/ros2_ws/install/lidar_slam_bringup/lib/python3.10/site-packages:${PYTHONPATH} /usr/bin/python3 -W ignore:setup.py install is deprecated -W ignore:easy_install command is deprecated setup.py egg_info --egg-base ../../build/lidar_slam_bringup build --build-base /home/pi/ros2_ws/build/lidar_slam_bringup/build install --record /home/pi/ros2_ws/build/lidar_slam_bringup/install.log --single-version-externally-managed install_data --force
[5.619s] running egg_info
[5.622s] writing ../../build/lidar_slam_bringup/lidar_slam_bringup.egg-info/PKG-INFO
[5.623s] writing dependency_links to ../../build/lidar_slam_bringup/lidar_slam_bringup.egg-info/dependency_links.txt
[5.624s] writing entry points to ../../build/lidar_slam_bringup/lidar_slam_bringup.egg-info/entry_points.txt
[5.626s] writing requirements to ../../build/lidar_slam_bringup/lidar_slam_bringup.egg-info/requires.txt
[5.627s] writing top-level names to ../../build/lidar_slam_bringup/lidar_slam_bringup.egg-info/top_level.txt
[5.635s] reading manifest file '../../build/lidar_slam_bringup/lidar_slam_bringup.egg-info/SOURCES.txt'
[5.639s] writing manifest file '../../build/lidar_slam_bringup/lidar_slam_bringup.egg-info/SOURCES.txt'
[5.640s] running build
[5.641s] running build_py
[5.641s] copying lidar_slam_bringup/imu_udp_bridge.py -> /home/pi/ros2_ws/build/lidar_slam_bringup/build/lib/lidar_slam_bringup
[5.643s] copying lidar_slam_bringup/imu_node.py -> /home/pi/ros2_ws/build/lidar_slam_bringup/build/lib/lidar_slam_bringup
[5.644s] copying lidar_slam_bringup/slam_manager.py -> /home/pi/ros2_ws/build/lidar_slam_bringup/build/lib/lidar_slam_bringup
[5.646s] running install
[5.647s] running install_lib
[5.650s] creating /home/pi/ros2_ws/install/lidar_slam_bringup/lib/python3.10/site-packages/lidar_slam_bringup
[5.652s] copying /home/pi/ros2_ws/build/lidar_slam_bringup/build/lib/lidar_slam_bringup/imu_udp_bridge.py -> /home/pi/ros2_ws/install/lidar_slam_bringup/lib/python3.10/site-packages/lidar_slam_bringup
[5.653s] copying /home/pi/ros2_ws/build/lidar_slam_bringup/build/lib/lidar_slam_bringup/__init__.py -> /home/pi/ros2_ws/install/lidar_slam_bringup/lib/python3.10/site-packages/lidar_slam_bringup
[5.654s] copying /home/pi/ros2_ws/build/lidar_slam_bringup/build/lib/lidar_slam_bringup/imu_node.py -> /home/pi/ros2_ws/install/lidar_slam_bringup/lib/python3.10/site-packages/lidar_slam_bringup
[5.654s] copying /home/pi/ros2_ws/build/lidar_slam_bringup/build/lib/lidar_slam_bringup/slam_manager.py -> /home/pi/ros2_ws/install/lidar_slam_bringup/lib/python3.10/site-packages/lidar_slam_bringup
[5.656s] byte-compiling /home/pi/ros2_ws/install/lidar_slam_bringup/lib/python3.10/site-packages/lidar_slam_bringup/imu_udp_bridge.py to imu_udp_bridge.cpython-310.pyc
[5.661s] byte-compiling /home/pi/ros2_ws/install/lidar_slam_bringup/lib/python3.10/site-packages/lidar_slam_bringup/__init__.py to __init__.cpython-310.pyc
[5.662s] byte-compiling /home/pi/ros2_ws/install/lidar_slam_bringup/lib/python3.10/site-packages/lidar_slam_bringup/imu_node.py to imu_node.cpython-310.pyc
[5.667s] byte-compiling /home/pi/ros2_ws/install/lidar_slam_bringup/lib/python3.10/site-packages/lidar_slam_bringup/slam_manager.py to slam_manager.cpython-310.pyc
[5.673s] running install_data
[5.674s] copying resource/lidar_slam_bringup -> /home/pi/ros2_ws/install/lidar_slam_bringup/share/ament_index/resource_index/packages
[5.675s] copying package.xml -> /home/pi/ros2_ws/install/lidar_slam_bringup/share/lidar_slam_bringup
[5.675s] copying launch/slam.launch.py -> /home/pi/ros2_ws/install/lidar_slam_bringup/share/lidar_slam_bringup/launch
[5.676s] copying config/ekf.yaml -> /home/pi/ros2_ws/install/lidar_slam_bringup/share/lidar_slam_bringup/config
[5.677s] copying config/slam_toolbox.yaml -> /home/pi/ros2_ws/install/lidar_slam_bringup/share/lidar_slam_bringup/config
[5.678s] running install_egg_info
[5.686s] Copying ../../build/lidar_slam_bringup/lidar_slam_bringup.egg-info to /home/pi/ros2_ws/install/lidar_slam_bringup/lib/python3.10/site-packages/lidar_slam_bringup-0.1.0-py3.10.egg-info
[5.692s] running install_scripts
[5.771s] Installing imu_node script to /home/pi/ros2_ws/install/lidar_slam_bringup/lib/lidar_slam_bringup
[5.772s] Installing imu_udp_bridge script to /home/pi/ros2_ws/install/lidar_slam_bringup/lib/lidar_slam_bringup
[5.773s] Installing slam_manager script to /home/pi/ros2_ws/install/lidar_slam_bringup/lib/lidar_slam_bringup
[5.775s] writing list of installed files to '/home/pi/ros2_ws/build/lidar_slam_bringup/install.log'
[5.897s] Invoked command in '/home/pi/ros2_ws/src/lidar_slam_bringup' returned '0': PYTHONPATH=/home/pi/ros2_ws/build/lidar_slam_bringup/prefix_override:/usr/lib/python3/dist-packages/colcon_core/task/python/colcon_distutils_commands:/home/pi/ros2_ws/install/lidar_slam_bringup/lib/python3.10/site-packages:${PYTHONPATH} /usr/bin/python3 -W ignore:setup.py install is deprecated -W ignore:easy_install command is deprecated setup.py egg_info --egg-base ../../build/lidar_slam_bringup build --build-base /home/pi/ros2_ws/build/lidar_slam_bringup/build install --record /home/pi/ros2_ws/build/lidar_slam_bringup/install.log --single-version-externally-managed install_data --force
