[0.046s] Invoking command in '/home/pi/ros2_ws/build/rf2o_laser_odometry': CMAKE_PREFIX_PATH=${CMAKE_PREFIX_PATH}:/opt/ros/humble /usr/bin/cmake /home/pi/ros2_ws/src/rf2o_laser_odometry -DAMENT_CMAKE_SYMLINK_INSTALL=1 -DCMAKE_INSTALL_PREFIX=/home/pi/ros2_ws/install/rf2o_laser_odometry
[1.151s] -- The C compiler identification is GNU 11.4.0
[2.003s] -- The CXX compiler identification is GNU 11.4.0
[2.045s] -- Detecting C compiler ABI info
[2.438s] -- Detecting C compiler ABI info - done
[2.466s] -- Check for working C compiler: /usr/bin/cc - skipped
[2.474s] -- Detecting C compile features
[2.475s] -- Detecting C compile features - done
[2.492s] -- Detecting CXX compiler ABI info
[2.880s] -- Detecting CXX compiler ABI info - done
[2.913s] -- Check for working CXX compiler: /usr/bin/c++ - skipped
[2.914s] -- Detecting CXX compile features
[2.916s] -- Detecting CXX compile features - done
[2.948s] -- Found ament_cmake: 1.3.14 (/opt/ros/humble/share/ament_cmake/cmake)
[3.839s] -- Found Python3: /usr/bin/python3 (found version "3.10.12") found components: Interpreter 
[4.290s] -- Override CMake install command with custom implementation using symlinks instead of copying resources
[4.560s] -- Found rclcpp: 16.0.19 (/opt/ros/humble/share/rclcpp/cmake)
[4.893s] -- Found rosidl_generator_c: 3.1.8 (/opt/ros/humble/share/rosidl_generator_c/cmake)
[4.939s] -- Found rosidl_adapter: 3.1.8 (/opt/ros/humble/share/rosidl_adapter/cmake)
[5.006s] -- Found rosidl_generator_cpp: 3.1.8 (/opt/ros/humble/share/rosidl_generator_cpp/cmake)
[5.089s] -- Using all available rosidl_typesupport_c: rosidl_typesupport_fastrtps_c;rosidl_typesupport_introspection_c
[5.197s] -- Using all available rosidl_typesupport_cpp: rosidl_typesupport_fastrtps_cpp;rosidl_typesupport_introspection_cpp
[5.511s] -- Found rmw_implementation_cmake: 6.1.2 (/opt/ros/humble/share/rmw_implementation_cmake/cmake)
[5.533s] -- Found rmw_fastrtps_cpp: 6.2.10 (/opt/ros/humble/share/rmw_fastrtps_cpp/cmake)
[6.070s] -- Found OpenSSL: /usr/lib/aarch64-linux-gnu/libcrypto.so (found version "3.0.2")  
[6.247s] -- Found FastRTPS: /opt/ros/humble/include  
[6.497s] -- Using RMW implementation 'rmw_fastrtps_cpp' as default
[6.571s] -- Looking for pthread.h
[6.970s] -- Looking for pthread.h - found
[6.971s] -- Performing Test CMAKE_HAVE_LIBC_PTHREAD
[7.346s] -- Performing Test CMAKE_HAVE_LIBC_PTHREAD - Success
[7.350s] -- Found Threads: TRUE  
[7.666s] -- Found geometry_msgs: 4.9.1 (/opt/ros/humble/share/geometry_msgs/cmake)
[7.750s] -- Found tf2_geometry_msgs: 0.25.20 (/opt/ros/humble/share/tf2_geometry_msgs/cmake)
[7.872s] -- Found eigen3_cmake_module: 0.1.1 (/opt/ros/humble/share/eigen3_cmake_module/cmake)
[7.881s] -- Found Eigen3: TRUE (found version "3.4.0") 
[7.882s] -- Ensuring Eigen3 include directory is part of orocos-kdl CMake target
[8.584s] -- Found sensor_msgs: 4.9.1 (/opt/ros/humble/share/sensor_msgs/cmake)
[8.675s] -- Found nav_msgs: 4.9.1 (/opt/ros/humble/share/nav_msgs/cmake)
[8.824s] -- Found Boost: /usr/lib/aarch64-linux-gnu/cmake/Boost-1.74.0/BoostConfig.cmake (found version "1.74.0")  
[9.162s] -- Configuring done
[9.261s] -- Generating done
[9.289s] -- Build files have been written to: /home/pi/ros2_ws/build/rf2o_laser_odometry
