[0.102s] Invoking command in '/home/pi/ros2_ws/build/ldlidar_sl_ros2': CMAKE_PREFIX_PATH=${CMAKE_PREFIX_PATH}:/home/pi/ros2_ws/install/lidar_slam_bringup:/opt/ros/humble /usr/bin/cmake /home/pi/ros2_ws/src/ldlidar_sl_ros2 -DCMAKE_INSTALL_PREFIX=/home/pi/ros2_ws/install/ldlidar_sl_ros2
[0.500s] -- The C compiler identification is GNU 11.4.0
[0.909s] -- The CXX compiler identification is GNU 11.4.0
[1.028s] -- Detecting C compiler ABI info
[1.495s] -- Detecting C compiler ABI info - done
[1.522s] -- Check for working C compiler: /usr/bin/cc - skipped
[1.523s] -- Detecting C compile features
[1.525s] -- Detecting C compile features - done
[1.537s] -- Detecting CXX compiler ABI info
[2.015s] -- Detecting CXX compiler ABI info - done
[2.043s] -- Check for working CXX compiler: /usr/bin/c++ - skipped
[2.045s] -- Detecting CXX compile features
[2.049s] -- Detecting CXX compile features - done
[2.087s] -- Found ament_cmake: 1.3.14 (/opt/ros/humble/share/ament_cmake/cmake)
[3.145s] -- Found Python3: /usr/bin/python3 (found version "3.10.12") found components: Interpreter 
[3.994s] -- Found rclcpp: 16.0.19 (/opt/ros/humble/share/rclcpp/cmake)
[4.446s] -- Found rosidl_generator_c: 3.1.8 (/opt/ros/humble/share/rosidl_generator_c/cmake)
[4.514s] -- Found rosidl_adapter: 3.1.8 (/opt/ros/humble/share/rosidl_adapter/cmake)
[4.622s] -- Found rosidl_generator_cpp: 3.1.8 (/opt/ros/humble/share/rosidl_generator_cpp/cmake)
[4.729s] -- Using all available rosidl_typesupport_c: rosidl_typesupport_fastrtps_c;rosidl_typesupport_introspection_c
[4.875s] -- Using all available rosidl_typesupport_cpp: rosidl_typesupport_fastrtps_cpp;rosidl_typesupport_introspection_cpp
[5.310s] -- Found rmw_implementation_cmake: 6.1.2 (/opt/ros/humble/share/rmw_implementation_cmake/cmake)
[5.331s] -- Found rmw_fastrtps_cpp: 6.2.10 (/opt/ros/humble/share/rmw_fastrtps_cpp/cmake)
[5.926s] -- Found OpenSSL: /usr/lib/aarch64-linux-gnu/libcrypto.so (found version "3.0.2")  
[6.116s] -- Found FastRTPS: /opt/ros/humble/include  
[6.429s] -- Using RMW implementation 'rmw_fastrtps_cpp' as default
[6.537s] -- Looking for pthread.h
[6.956s] -- Looking for pthread.h - found
[6.963s] -- Performing Test CMAKE_HAVE_LIBC_PTHREAD
[7.387s] -- Performing Test CMAKE_HAVE_LIBC_PTHREAD - Success
[7.393s] -- Found Threads: TRUE  
[7.748s] -- Found sensor_msgs: 4.9.1 (/opt/ros/humble/share/sensor_msgs/cmake)
[7.936s] -- Found ament_lint_auto: 0.12.15 (/opt/ros/humble/share/ament_lint_auto/cmake)
[8.588s] -- Added test 'copyright' to check source files copyright and LICENSE
[8.653s] -- Added test 'cppcheck' to perform static code analysis on C / C++ code
[8.655s] -- Configured cppcheck include dirs: /home/pi/ros2_ws/src/ldlidar_sl_ros2/include;/home/pi/ros2_ws/src/ldlidar_sl_ros2/ldlidar_driver/include
[8.657s] -- Configured cppcheck exclude dirs and/or files: 
[8.713s] -- Added test 'cpplint' to check C / C++ code against the Google style
[8.714s] -- Configured cpplint exclude dirs and/or files: 
[8.724s] -- Added test 'flake8' to check Python code syntax and style conventions
[8.742s] -- Added test 'lint_cmake' to check CMake code style
[8.754s] -- Added test 'pep257' to check Python code against some of the docstring style conventions in PEP 257
[8.812s] -- Added test 'uncrustify' to check C / C++ code style
[8.813s] -- Configured uncrustify additional arguments: 
[8.822s] -- Added test 'xmllint' to check XML markup files
[8.833s] -- Configuring done
[8.905s] -- Generating done
[8.926s] -- Build files have been written to: /home/pi/ros2_ws/build/ldlidar_sl_ros2
[8.963s] Invoked command in '/home/pi/ros2_ws/build/ldlidar_sl_ros2' returned '0': CMAKE_PREFIX_PATH=${CMAKE_PREFIX_PATH}:/home/pi/ros2_ws/install/lidar_slam_bringup:/opt/ros/humble /usr/bin/cmake /home/pi/ros2_ws/src/ldlidar_sl_ros2 -DCMAKE_INSTALL_PREFIX=/home/pi/ros2_ws/install/ldlidar_sl_ros2
[8.973s] Invoking command in '/home/pi/ros2_ws/build/ldlidar_sl_ros2': CMAKE_PREFIX_PATH=${CMAKE_PREFIX_PATH}:/home/pi/ros2_ws/install/lidar_slam_bringup:/opt/ros/humble /usr/bin/cmake --build /home/pi/ros2_ws/build/ldlidar_sl_ros2 -- -j4 -l4
[9.245s] [ 12%] [32mBuilding CXX object CMakeFiles/ldlidar_sl_ros2_node.dir/src/demo.cpp.o[0m
[9.285s] [ 25%] [32mBuilding CXX object CMakeFiles/ldlidar_sl_ros2_node.dir/ldlidar_driver/src/ldlidar_driver.cpp.o[0m
[9.298s] [ 37%] [32mBuilding CXX object CMakeFiles/ldlidar_sl_ros2_node.dir/ldlidar_driver/src/lipkg.cpp.o[0m
[9.309s] [ 50%] [32mBuilding CXX object CMakeFiles/ldlidar_sl_ros2_node.dir/ldlidar_driver/src/log_module.cpp.o[0m
[13.264s] [ 62%] [32mBuilding CXX object CMakeFiles/ldlidar_sl_ros2_node.dir/ldlidar_driver/src/serial_interface_linux.cpp.o[0m
[17.873s] [ 75%] [32mBuilding CXX object CMakeFiles/ldlidar_sl_ros2_node.dir/ldlidar_driver/src/sl_transform.cpp.o[0m
[18.670s] [ 87%] [32mBuilding CXX object CMakeFiles/ldlidar_sl_ros2_node.dir/ldlidar_driver/src/slbf.cpp.o[0m
[41.889s] [100%] [32m[1mLinking CXX executable ldlidar_sl_ros2_node[0m
[43.461s] [100%] Built target ldlidar_sl_ros2_node
[43.512s] Invoked command in '/home/pi/ros2_ws/build/ldlidar_sl_ros2' returned '0': CMAKE_PREFIX_PATH=${CMAKE_PREFIX_PATH}:/home/pi/ros2_ws/install/lidar_slam_bringup:/opt/ros/humble /usr/bin/cmake --build /home/pi/ros2_ws/build/ldlidar_sl_ros2 -- -j4 -l4
[43.524s] Invoking command in '/home/pi/ros2_ws/build/ldlidar_sl_ros2': CMAKE_PREFIX_PATH=${CMAKE_PREFIX_PATH}:/home/pi/ros2_ws/install/lidar_slam_bringup:/opt/ros/humble /usr/bin/cmake --install /home/pi/ros2_ws/build/ldlidar_sl_ros2
[43.560s] -- Install configuration: ""
[43.562s] -- Installing: /home/pi/ros2_ws/install/ldlidar_sl_ros2/lib/ldlidar_sl_ros2/ldlidar_sl_ros2_node
[43.576s] -- Set runtime path of "/home/pi/ros2_ws/install/ldlidar_sl_ros2/lib/ldlidar_sl_ros2/ldlidar_sl_ros2_node" to ""
[43.578s] -- Installing: /home/pi/ros2_ws/install/ldlidar_sl_ros2/share/ldlidar_sl_ros2//launch
[43.580s] -- Installing: /home/pi/ros2_ws/install/ldlidar_sl_ros2/share/ldlidar_sl_ros2//launch/viewer_ld14p.launch.py
[43.584s] -- Installing: /home/pi/ros2_ws/install/ldlidar_sl_ros2/share/ldlidar_sl_ros2//launch/viewer_ld14.launch.py
[43.589s] -- Installing: /home/pi/ros2_ws/install/ldlidar_sl_ros2/share/ldlidar_sl_ros2//launch/ld14p.launch.py
[43.593s] -- Installing: /home/pi/ros2_ws/install/ldlidar_sl_ros2/share/ldlidar_sl_ros2//launch/ld14.launch.py
[43.596s] -- Installing: /home/pi/ros2_ws/install/ldlidar_sl_ros2/share/ldlidar_sl_ros2//rviz2
[43.599s] -- Installing: /home/pi/ros2_ws/install/ldlidar_sl_ros2/share/ldlidar_sl_ros2//rviz2/ldlidar.rviz
[43.602s] -- Installing: /home/pi/ros2_ws/install/ldlidar_sl_ros2/share/ldlidar_sl_ros2//scripts
[43.606s] -- Installing: /home/pi/ros2_ws/install/ldlidar_sl_ros2/share/ldlidar_sl_ros2//scripts/ldlidar.rules
[43.609s] -- Installing: /home/pi/ros2_ws/install/ldlidar_sl_ros2/share/ldlidar_sl_ros2//scripts/create_udev_rules.sh
[43.616s] -- Installing: /home/pi/ros2_ws/install/ldlidar_sl_ros2/share/ldlidar_sl_ros2//scripts/delete_udev_rules.sh
[43.621s] -- Installing: /home/pi/ros2_ws/install/ldlidar_sl_ros2/share/ament_index/resource_index/package_run_dependencies/ldlidar_sl_ros2
[43.623s] -- Installing: /home/pi/ros2_ws/install/ldlidar_sl_ros2/share/ament_index/resource_index/parent_prefix_path/ldlidar_sl_ros2
[43.626s] -- Installing: /home/pi/ros2_ws/install/ldlidar_sl_ros2/share/ldlidar_sl_ros2/environment/ament_prefix_path.sh
[43.628s] -- Installing: /home/pi/ros2_ws/install/ldlidar_sl_ros2/share/ldlidar_sl_ros2/environment/ament_prefix_path.dsv
[43.634s] -- Installing: /home/pi/ros2_ws/install/ldlidar_sl_ros2/share/ldlidar_sl_ros2/environment/path.sh
[43.637s] -- Installing: /home/pi/ros2_ws/install/ldlidar_sl_ros2/share/ldlidar_sl_ros2/environment/path.dsv
[43.638s] -- Installing: /home/pi/ros2_ws/install/ldlidar_sl_ros2/share/ldlidar_sl_ros2/local_setup.bash
[43.639s] -- Installing: /home/pi/ros2_ws/install/ldlidar_sl_ros2/share/ldlidar_sl_ros2/local_setup.sh
[43.640s] -- Installing: /home/pi/ros2_ws/install/ldlidar_sl_ros2/share/ldlidar_sl_ros2/local_setup.zsh
[43.641s] -- Installing: /home/pi/ros2_ws/install/ldlidar_sl_ros2/share/ldlidar_sl_ros2/local_setup.dsv
[43.642s] -- Installing: /home/pi/ros2_ws/install/ldlidar_sl_ros2/share/ldlidar_sl_ros2/package.dsv
[43.643s] -- Installing: /home/pi/ros2_ws/install/ldlidar_sl_ros2/share/ament_index/resource_index/packages/ldlidar_sl_ros2
[43.645s] -- Installing: /home/pi/ros2_ws/install/ldlidar_sl_ros2/share/ldlidar_sl_ros2/cmake/ldlidar_sl_ros2Config.cmake
[43.646s] -- Installing: /home/pi/ros2_ws/install/ldlidar_sl_ros2/share/ldlidar_sl_ros2/cmake/ldlidar_sl_ros2Config-version.cmake
[43.647s] -- Installing: /home/pi/ros2_ws/install/ldlidar_sl_ros2/share/ldlidar_sl_ros2/package.xml
[43.649s] Invoked command in '/home/pi/ros2_ws/build/ldlidar_sl_ros2' returned '0': CMAKE_PREFIX_PATH=${CMAKE_PREFIX_PATH}:/home/pi/ros2_ws/install/lidar_slam_bringup:/opt/ros/humble /usr/bin/cmake --install /home/pi/ros2_ws/build/ldlidar_sl_ros2
