running develop
Removing /home/pi/ros2_ws/install/lidar_slam_bringup/lib/python3.10/site-packages/lidar-slam-bringup.egg-link (link to .)
running egg_info
writing ../../build/lidar_slam_bringup/lidar_slam_bringup.egg-info/PKG-INFO
writing dependency_links to ../../build/lidar_slam_bringup/lidar_slam_bringup.egg-info/dependency_links.txt
writing entry points to ../../build/lidar_slam_bringup/lidar_slam_bringup.egg-info/entry_points.txt
writing requirements to ../../build/lidar_slam_bringup/lidar_slam_bringup.egg-info/requires.txt
writing top-level names to ../../build/lidar_slam_bringup/lidar_slam_bringup.egg-info/top_level.txt
reading manifest file '../../build/lidar_slam_bringup/lidar_slam_bringup.egg-info/SOURCES.txt'
writing manifest file '../../build/lidar_slam_bringup/lidar_slam_bringup.egg-info/SOURCES.txt'
running build
running build_py
creating /home/pi/ros2_ws/build/lidar_slam_bringup/build
creating /home/pi/ros2_ws/build/lidar_slam_bringup/build/lib
creating /home/pi/ros2_ws/build/lidar_slam_bringup/build/lib/lidar_slam_bringup
copying lidar_slam_bringup/__init__.py -> /home/pi/ros2_ws/build/lidar_slam_bringup/build/lib/lidar_slam_bringup
copying lidar_slam_bringup/imu_node.py -> /home/pi/ros2_ws/build/lidar_slam_bringup/build/lib/lidar_slam_bringup
running install
running install_lib
creating /home/pi/ros2_ws/install/lidar_slam_bringup/lib/python3.10/site-packages/lidar_slam_bringup
copying /home/pi/ros2_ws/build/lidar_slam_bringup/build/lib/lidar_slam_bringup/__init__.py -> /home/pi/ros2_ws/install/lidar_slam_bringup/lib/python3.10/site-packages/lidar_slam_bringup
copying /home/pi/ros2_ws/build/lidar_slam_bringup/build/lib/lidar_slam_bringup/imu_node.py -> /home/pi/ros2_ws/install/lidar_slam_bringup/lib/python3.10/site-packages/lidar_slam_bringup
byte-compiling /home/pi/ros2_ws/install/lidar_slam_bringup/lib/python3.10/site-packages/lidar_slam_bringup/__init__.py to __init__.cpython-310.pyc
byte-compiling /home/pi/ros2_ws/install/lidar_slam_bringup/lib/python3.10/site-packages/lidar_slam_bringup/imu_node.py to imu_node.cpython-310.pyc
running install_data
copying resource/lidar_slam_bringup -> /home/pi/ros2_ws/install/lidar_slam_bringup/share/ament_index/resource_index/packages
copying package.xml -> /home/pi/ros2_ws/install/lidar_slam_bringup/share/lidar_slam_bringup
copying launch/slam.launch.py -> /home/pi/ros2_ws/install/lidar_slam_bringup/share/lidar_slam_bringup/launch
copying config/ekf.yaml -> /home/pi/ros2_ws/install/lidar_slam_bringup/share/lidar_slam_bringup/config
copying config/slam_toolbox.yaml -> /home/pi/ros2_ws/install/lidar_slam_bringup/share/lidar_slam_bringup/config
running install_egg_info
Copying ../../build/lidar_slam_bringup/lidar_slam_bringup.egg-info to /home/pi/ros2_ws/install/lidar_slam_bringup/lib/python3.10/site-packages/lidar_slam_bringup-0.1.0-py3.10.egg-info
running install_scripts
Installing imu_node script to /home/pi/ros2_ws/install/lidar_slam_bringup/lib/lidar_slam_bringup
writing list of installed files to '/home/pi/ros2_ws/build/lidar_slam_bringup/install.log'
