[3.497s] Invoking command in '/home/pi/ros2_ws/build/lidar_slam_bringup': PYTHONPATH=/home/pi/ros2_ws/build/lidar_slam_bringup/prefix_override:/usr/lib/python3/dist-packages/colcon_core/task/python/colcon_distutils_commands:/home/pi/ros2_ws/install/lidar_slam_bringup/lib/python3.10/site-packages:${PYTHONPATH} /usr/bin/python3 -W ignore:setup.py install is deprecated -W ignore:easy_install command is deprecated setup.py develop --uninstall --editable --build-directory /home/pi/ros2_ws/build/lidar_slam_bringup/build
[5.229s] running develop
[6.780s] Removing /home/pi/ros2_ws/install/lidar_slam_bringup/lib/python3.10/site-packages/lidar-slam-bringup.egg-link (link to .)
[6.997s] Invoked command in '/home/pi/ros2_ws/build/lidar_slam_bringup' returned '0': PYTHONPATH=/home/pi/ros2_ws/build/lidar_slam_bringup/prefix_override:/usr/lib/python3/dist-packages/colcon_core/task/python/colcon_distutils_commands:/home/pi/ros2_ws/install/lidar_slam_bringup/lib/python3.10/site-packages:${PYTHONPATH} /usr/bin/python3 -W ignore:setup.py install is deprecated -W ignore:easy_install command is deprecated setup.py develop --uninstall --editable --build-directory /home/pi/ros2_ws/build/lidar_slam_bringup/build
[6.998s] Invoking command in '/home/pi/ros2_ws/src/lidar_slam_bringup': PYTHONPATH=/home/pi/ros2_ws/build/lidar_slam_bringup/prefix_override:/usr/lib/python3/dist-packages/colcon_core/task/python/colcon_distutils_commands:/home/pi/ros2_ws/install/lidar_slam_bringup/lib/python3.10/site-packages:${PYTHONPATH} /usr/bin/python3 -W ignore:setup.py install is deprecated -W ignore:easy_install command is deprecated setup.py egg_info --egg-base ../../build/lidar_slam_bringup build --build-base /home/pi/ros2_ws/build/lidar_slam_bringup/build install --record /home/pi/ros2_ws/build/lidar_slam_bringup/install.log --single-version-externally-managed install_data --force
[9.996s] running egg_info
[10.020s] writing ../../build/lidar_slam_bringup/lidar_slam_bringup.egg-info/PKG-INFO
[10.023s] writing dependency_links to ../../build/lidar_slam_bringup/lidar_slam_bringup.egg-info/dependency_links.txt
[10.025s] writing entry points to ../../build/lidar_slam_bringup/lidar_slam_bringup.egg-info/entry_points.txt
[10.026s] writing requirements to ../../build/lidar_slam_bringup/lidar_slam_bringup.egg-info/requires.txt
[10.028s] writing top-level names to ../../build/lidar_slam_bringup/lidar_slam_bringup.egg-info/top_level.txt
[10.060s] reading manifest file '../../build/lidar_slam_bringup/lidar_slam_bringup.egg-info/SOURCES.txt'
[10.066s] writing manifest file '../../build/lidar_slam_bringup/lidar_slam_bringup.egg-info/SOURCES.txt'
[10.069s] running build
[10.070s] running build_py
[10.072s] creating /home/pi/ros2_ws/build/lidar_slam_bringup/build
[10.073s] creating /home/pi/ros2_ws/build/lidar_slam_bringup/build/lib
[10.074s] creating /home/pi/ros2_ws/build/lidar_slam_bringup/build/lib/lidar_slam_bringup
[10.075s] copying lidar_slam_bringup/__init__.py -> /home/pi/ros2_ws/build/lidar_slam_bringup/build/lib/lidar_slam_bringup
[10.085s] copying lidar_slam_bringup/imu_node.py -> /home/pi/ros2_ws/build/lidar_slam_bringup/build/lib/lidar_slam_bringup
[10.088s] running install
[10.093s] running install_lib
[10.103s] creating /home/pi/ros2_ws/install/lidar_slam_bringup/lib/python3.10/site-packages/lidar_slam_bringup
[10.105s] copying /home/pi/ros2_ws/build/lidar_slam_bringup/build/lib/lidar_slam_bringup/__init__.py -> /home/pi/ros2_ws/install/lidar_slam_bringup/lib/python3.10/site-packages/lidar_slam_bringup
[10.105s] copying /home/pi/ros2_ws/build/lidar_slam_bringup/build/lib/lidar_slam_bringup/imu_node.py -> /home/pi/ros2_ws/install/lidar_slam_bringup/lib/python3.10/site-packages/lidar_slam_bringup
[10.109s] byte-compiling /home/pi/ros2_ws/install/lidar_slam_bringup/lib/python3.10/site-packages/lidar_slam_bringup/__init__.py to __init__.cpython-310.pyc
[10.113s] byte-compiling /home/pi/ros2_ws/install/lidar_slam_bringup/lib/python3.10/site-packages/lidar_slam_bringup/imu_node.py to imu_node.cpython-310.pyc
[10.124s] running install_data
[10.127s] copying resource/lidar_slam_bringup -> /home/pi/ros2_ws/install/lidar_slam_bringup/share/ament_index/resource_index/packages
[10.135s] copying package.xml -> /home/pi/ros2_ws/install/lidar_slam_bringup/share/lidar_slam_bringup
[10.138s] copying launch/slam.launch.py -> /home/pi/ros2_ws/install/lidar_slam_bringup/share/lidar_slam_bringup/launch
[10.140s] copying config/ekf.yaml -> /home/pi/ros2_ws/install/lidar_slam_bringup/share/lidar_slam_bringup/config
[10.147s] copying config/slam_toolbox.yaml -> /home/pi/ros2_ws/install/lidar_slam_bringup/share/lidar_slam_bringup/config
[10.151s] running install_egg_info
[10.164s] Copying ../../build/lidar_slam_bringup/lidar_slam_bringup.egg-info to /home/pi/ros2_ws/install/lidar_slam_bringup/lib/python3.10/site-packages/lidar_slam_bringup-0.1.0-py3.10.egg-info
[10.170s] running install_scripts
[10.281s] Installing imu_node script to /home/pi/ros2_ws/install/lidar_slam_bringup/lib/lidar_slam_bringup
[10.285s] writing list of installed files to '/home/pi/ros2_ws/build/lidar_slam_bringup/install.log'
[10.504s] Invoked command in '/home/pi/ros2_ws/src/lidar_slam_bringup' returned '0': PYTHONPATH=/home/pi/ros2_ws/build/lidar_slam_bringup/prefix_override:/usr/lib/python3/dist-packages/colcon_core/task/python/colcon_distutils_commands:/home/pi/ros2_ws/install/lidar_slam_bringup/lib/python3.10/site-packages:${PYTHONPATH} /usr/bin/python3 -W ignore:setup.py install is deprecated -W ignore:easy_install command is deprecated setup.py egg_info --egg-base ../../build/lidar_slam_bringup build --build-base /home/pi/ros2_ws/build/lidar_slam_bringup/build install --record /home/pi/ros2_ws/build/lidar_slam_bringup/install.log --single-version-externally-managed install_data --force
