[3.149s] Invoking command in '/home/pi/ros2_ws/build/lidar_slam_bringup': PYTHONPATH=/home/pi/ros2_ws/build/lidar_slam_bringup/prefix_override:/usr/lib/python3/dist-packages/colcon_core/task/python/colcon_distutils_commands:/home/pi/ros2_ws/install/lidar_slam_bringup/lib/python3.10/site-packages:${PYTHONPATH} /usr/bin/python3 -W ignore:setup.py install is deprecated -W ignore:easy_install command is deprecated setup.py develop --uninstall --editable --build-directory /home/pi/ros2_ws/build/lidar_slam_bringup/build
[4.249s] running develop
[4.942s] Removing /home/pi/ros2_ws/install/lidar_slam_bringup/lib/python3.10/site-packages/lidar-slam-bringup.egg-link (link to .)
[5.073s] Invoked command in '/home/pi/ros2_ws/build/lidar_slam_bringup' returned '0': PYTHONPATH=/home/pi/ros2_ws/build/lidar_slam_bringup/prefix_override:/usr/lib/python3/dist-packages/colcon_core/task/python/colcon_distutils_commands:/home/pi/ros2_ws/install/lidar_slam_bringup/lib/python3.10/site-packages:${PYTHONPATH} /usr/bin/python3 -W ignore:setup.py install is deprecated -W ignore:easy_install command is deprecated setup.py develop --uninstall --editable --build-directory /home/pi/ros2_ws/build/lidar_slam_bringup/build
[5.082s] Invoking command in '/home/pi/ros2_ws/src/lidar_slam_bringup': PYTHONPATH=/home/pi/ros2_ws/build/lidar_slam_bringup/prefix_override:/usr/lib/python3/dist-packages/colcon_core/task/python/colcon_distutils_commands:/home/pi/ros2_ws/install/lidar_slam_bringup/lib/python3.10/site-packages:${PYTHONPATH} /usr/bin/python3 -W ignore:setup.py install is deprecated -W ignore:easy_install command is deprecated setup.py egg_info --egg-base ../../build/lidar_slam_bringup build --build-base /home/pi/ros2_ws/build/lidar_slam_bringup/build install --record /home/pi/ros2_ws/build/lidar_slam_bringup/install.log --single-version-externally-managed install_data --force
[6.108s] running egg_info
[6.110s] writing ../../build/lidar_slam_bringup/lidar_slam_bringup.egg-info/PKG-INFO
[6.112s] writing dependency_links to ../../build/lidar_slam_bringup/lidar_slam_bringup.egg-info/dependency_links.txt
[6.113s] writing entry points to ../../build/lidar_slam_bringup/lidar_slam_bringup.egg-info/entry_points.txt
[6.113s] writing requirements to ../../build/lidar_slam_bringup/lidar_slam_bringup.egg-info/requires.txt
[6.114s] writing top-level names to ../../build/lidar_slam_bringup/lidar_slam_bringup.egg-info/top_level.txt
[6.123s] reading manifest file '../../build/lidar_slam_bringup/lidar_slam_bringup.egg-info/SOURCES.txt'
[6.128s] writing manifest file '../../build/lidar_slam_bringup/lidar_slam_bringup.egg-info/SOURCES.txt'
[6.129s] running build
[6.129s] running build_py
[6.132s] running install
[6.133s] running install_lib
[6.137s] creating /home/pi/ros2_ws/install/lidar_slam_bringup/lib/python3.10/site-packages/lidar_slam_bringup
[6.137s] copying /home/pi/ros2_ws/build/lidar_slam_bringup/build/lib/lidar_slam_bringup/__init__.py -> /home/pi/ros2_ws/install/lidar_slam_bringup/lib/python3.10/site-packages/lidar_slam_bringup
[6.138s] copying /home/pi/ros2_ws/build/lidar_slam_bringup/build/lib/lidar_slam_bringup/imu_node.py -> /home/pi/ros2_ws/install/lidar_slam_bringup/lib/python3.10/site-packages/lidar_slam_bringup
[6.141s] byte-compiling /home/pi/ros2_ws/install/lidar_slam_bringup/lib/python3.10/site-packages/lidar_slam_bringup/__init__.py to __init__.cpython-310.pyc
[6.143s] byte-compiling /home/pi/ros2_ws/install/lidar_slam_bringup/lib/python3.10/site-packages/lidar_slam_bringup/imu_node.py to imu_node.cpython-310.pyc
[6.149s] running install_data
[6.149s] copying resource/lidar_slam_bringup -> /home/pi/ros2_ws/install/lidar_slam_bringup/share/ament_index/resource_index/packages
[6.150s] copying package.xml -> /home/pi/ros2_ws/install/lidar_slam_bringup/share/lidar_slam_bringup
[6.151s] copying launch/slam.launch.py -> /home/pi/ros2_ws/install/lidar_slam_bringup/share/lidar_slam_bringup/launch
[6.152s] copying config/ekf.yaml -> /home/pi/ros2_ws/install/lidar_slam_bringup/share/lidar_slam_bringup/config
[6.153s] copying config/slam_toolbox.yaml -> /home/pi/ros2_ws/install/lidar_slam_bringup/share/lidar_slam_bringup/config
[6.154s] running install_egg_info
[6.162s] Copying ../../build/lidar_slam_bringup/lidar_slam_bringup.egg-info to /home/pi/ros2_ws/install/lidar_slam_bringup/lib/python3.10/site-packages/lidar_slam_bringup-0.1.0-py3.10.egg-info
[6.168s] running install_scripts
[6.248s] Installing imu_node script to /home/pi/ros2_ws/install/lidar_slam_bringup/lib/lidar_slam_bringup
[6.249s] writing list of installed files to '/home/pi/ros2_ws/build/lidar_slam_bringup/install.log'
[6.370s] Invoked command in '/home/pi/ros2_ws/src/lidar_slam_bringup' returned '0': PYTHONPATH=/home/pi/ros2_ws/build/lidar_slam_bringup/prefix_override:/usr/lib/python3/dist-packages/colcon_core/task/python/colcon_distutils_commands:/home/pi/ros2_ws/install/lidar_slam_bringup/lib/python3.10/site-packages:${PYTHONPATH} /usr/bin/python3 -W ignore:setup.py install is deprecated -W ignore:easy_install command is deprecated setup.py egg_info --egg-base ../../build/lidar_slam_bringup build --build-base /home/pi/ros2_ws/build/lidar_slam_bringup/build install --record /home/pi/ros2_ws/build/lidar_slam_bringup/install.log --single-version-externally-managed install_data --force
