/home/pi/ros2_ws/install/lidar_slam_bringup/lib/python3.10/site-packages/lidar_slam_bringup/imu_udp_bridge.py
/home/pi/ros2_ws/install/lidar_slam_bringup/lib/python3.10/site-packages/lidar_slam_bringup/__init__.py
/home/pi/ros2_ws/install/lidar_slam_bringup/lib/python3.10/site-packages/lidar_slam_bringup/imu_node.py
/home/pi/ros2_ws/install/lidar_slam_bringup/lib/python3.10/site-packages/lidar_slam_bringup/slam_manager.py
/home/pi/ros2_ws/install/lidar_slam_bringup/lib/python3.10/site-packages/lidar_slam_bringup/__pycache__/imu_udp_bridge.cpython-310.pyc
/home/pi/ros2_ws/install/lidar_slam_bringup/lib/python3.10/site-packages/lidar_slam_bringup/__pycache__/__init__.cpython-310.pyc
/home/pi/ros2_ws/install/lidar_slam_bringup/lib/python3.10/site-packages/lidar_slam_bringup/__pycache__/imu_node.cpython-310.pyc
/home/pi/ros2_ws/install/lidar_slam_bringup/lib/python3.10/site-packages/lidar_slam_bringup/__pycache__/slam_manager.cpython-310.pyc
/home/pi/ros2_ws/install/lidar_slam_bringup/share/ament_index/resource_index/packages/lidar_slam_bringup
/home/pi/ros2_ws/install/lidar_slam_bringup/share/lidar_slam_bringup/package.xml
/home/pi/ros2_ws/install/lidar_slam_bringup/share/lidar_slam_bringup/launch/slam.launch.py
/home/pi/ros2_ws/install/lidar_slam_bringup/share/lidar_slam_bringup/config/ekf.yaml
/home/pi/ros2_ws/install/lidar_slam_bringup/share/lidar_slam_bringup/config/slam_toolbox.yaml
/home/pi/ros2_ws/install/lidar_slam_bringup/lib/python3.10/site-packages/lidar_slam_bringup-0.1.0-py3.10.egg-info/PKG-INFO
/home/pi/ros2_ws/install/lidar_slam_bringup/lib/python3.10/site-packages/lidar_slam_bringup-0.1.0-py3.10.egg-info/top_level.txt
/home/pi/ros2_ws/install/lidar_slam_bringup/lib/python3.10/site-packages/lidar_slam_bringup-0.1.0-py3.10.egg-info/SOURCES.txt
/home/pi/ros2_ws/install/lidar_slam_bringup/lib/python3.10/site-packages/lidar_slam_bringup-0.1.0-py3.10.egg-info/entry_points.txt
/home/pi/ros2_ws/install/lidar_slam_bringup/lib/python3.10/site-packages/lidar_slam_bringup-0.1.0-py3.10.egg-info/requires.txt
/home/pi/ros2_ws/install/lidar_slam_bringup/lib/python3.10/site-packages/lidar_slam_bringup-0.1.0-py3.10.egg-info/dependency_links.txt
/home/pi/ros2_ws/install/lidar_slam_bringup/lib/python3.10/site-packages/lidar_slam_bringup-0.1.0-py3.10.egg-info/zip-safe
/home/pi/ros2_ws/install/lidar_slam_bringup/lib/lidar_slam_bringup/imu_node
/home/pi/ros2_ws/install/lidar_slam_bringup/lib/lidar_slam_bringup/imu_udp_bridge
/home/pi/ros2_ws/install/lidar_slam_bringup/lib/lidar_slam_bringup/slam_manager
