[0.069s] Invoking command in '/home/pi/ros2_ws/build/ldlidar_ros2': CMAKE_PREFIX_PATH=${CMAKE_PREFIX_PATH}:/opt/ros/humble /usr/bin/cmake /home/pi/ros2_ws/src/ldlidar_ros2 -DAMENT_CMAKE_SYMLINK_INSTALL=1 -DCMAKE_INSTALL_PREFIX=/home/pi/ros2_ws/install/ldlidar_ros2
[1.186s] -- The C compiler identification is GNU 11.4.0
[2.031s] -- The CXX compiler identification is GNU 11.4.0
[2.081s] -- Detecting C compiler ABI info
[2.477s] -- Detecting C compiler ABI info - done
[2.502s] -- Check for working C compiler: /usr/bin/cc - skipped
[2.508s] -- Detecting C compile features
[2.511s] -- Detecting C compile features - done
[2.526s] -- Detecting CXX compiler ABI info
[2.916s] -- Detecting CXX compiler ABI info - done
[2.942s] -- Check for working CXX compiler: /usr/bin/c++ - skipped
[2.943s] -- Detecting CXX compile features
[2.945s] -- Detecting CXX compile features - done
[2.983s] -- Found ament_cmake: 1.3.14 (/opt/ros/humble/share/ament_cmake/cmake)
[3.853s] -- Found Python3: /usr/bin/python3 (found version "3.10.12") found components: Interpreter 
[4.325s] -- Override CMake install command with custom implementation using symlinks instead of copying resources
[4.593s] -- Found rclcpp: 16.0.19 (/opt/ros/humble/share/rclcpp/cmake)
[4.927s] -- Found rosidl_generator_c: 3.1.8 (/opt/ros/humble/share/rosidl_generator_c/cmake)
[4.976s] -- Found rosidl_adapter: 3.1.8 (/opt/ros/humble/share/rosidl_adapter/cmake)
[5.042s] -- Found rosidl_generator_cpp: 3.1.8 (/opt/ros/humble/share/rosidl_generator_cpp/cmake)
[5.126s] -- Using all available rosidl_typesupport_c: rosidl_typesupport_fastrtps_c;rosidl_typesupport_introspection_c
[5.233s] -- Using all available rosidl_typesupport_cpp: rosidl_typesupport_fastrtps_cpp;rosidl_typesupport_introspection_cpp
[5.547s] -- Found rmw_implementation_cmake: 6.1.2 (/opt/ros/humble/share/rmw_implementation_cmake/cmake)
[5.569s] -- Found rmw_fastrtps_cpp: 6.2.10 (/opt/ros/humble/share/rmw_fastrtps_cpp/cmake)
[6.105s] -- Found OpenSSL: /usr/lib/aarch64-linux-gnu/libcrypto.so (found version "3.0.2")  
[6.282s] -- Found FastRTPS: /opt/ros/humble/include  
[6.531s] -- Using RMW implementation 'rmw_fastrtps_cpp' as default
[6.607s] -- Looking for pthread.h
[6.996s] -- Looking for pthread.h - found
[6.998s] -- Performing Test CMAKE_HAVE_LIBC_PTHREAD
[7.371s] -- Performing Test CMAKE_HAVE_LIBC_PTHREAD - Success
[7.378s] -- Found Threads: TRUE  
[7.700s] -- Found sensor_msgs: 4.9.1 (/opt/ros/humble/share/sensor_msgs/cmake)
[7.869s] -- Found ament_lint_auto: 0.12.15 (/opt/ros/humble/share/ament_lint_auto/cmake)
[8.323s] CMake Error at CMakeLists.txt:41 (add_subdirectory):
[8.324s]   The source directory
[8.324s] 
[8.325s]     /home/pi/ros2_ws/src/ldlidar_ros2/sdk
[8.325s] 
[8.326s]   does not contain a CMakeLists.txt file.
[8.326s] 
[8.326s] 
[8.358s] -- Added test 'copyright' to check source files copyright and LICENSE
[8.400s] -- Added test 'cppcheck' to perform static code analysis on C / C++ code
[8.402s] -- Configured cppcheck include dirs: /home/pi/ros2_ws/src/ldlidar_ros2/include;/home/pi/ros2_ws/src/ldlidar_ros2/sdk/include
[8.402s] -- Configured cppcheck exclude dirs and/or files: 
[8.444s] -- Added test 'cpplint' to check C / C++ code against the Google style
[8.445s] -- Configured cpplint exclude dirs and/or files: 
[8.452s] -- Added test 'flake8' to check Python code syntax and style conventions
[8.465s] -- Added test 'lint_cmake' to check CMake code style
[8.473s] -- Added test 'pep257' to check Python code against some of the docstring style conventions in PEP 257
[8.516s] -- Added test 'uncrustify' to check C / C++ code style
[8.517s] -- Configured uncrustify additional arguments: 
[8.525s] -- Added test 'xmllint' to check XML markup files
[8.540s] -- Configuring incomplete, errors occurred!
[8.541s] See also "/home/pi/ros2_ws/build/ldlidar_ros2/CMakeFiles/CMakeOutput.log".
[8.582s] Invoked command in '/home/pi/ros2_ws/build/ldlidar_ros2' returned '1': CMAKE_PREFIX_PATH=${CMAKE_PREFIX_PATH}:/opt/ros/humble /usr/bin/cmake /home/pi/ros2_ws/src/ldlidar_ros2 -DAMENT_CMAKE_SYMLINK_INSTALL=1 -DCMAKE_INSTALL_PREFIX=/home/pi/ros2_ws/install/ldlidar_ros2
