[0.139s] Invoking command in '/home/pi/ros2_ws/build/ldlidar_sl_ros2': CMAKE_PREFIX_PATH=${CMAKE_PREFIX_PATH}:/home/pi/ros2_ws/install/lidar_slam_bringup:/opt/ros/humble /usr/bin/cmake --build /home/pi/ros2_ws/build/ldlidar_sl_ros2 -- -j4 -l4
[0.904s] [100%] Built target ldlidar_sl_ros2_node
[0.987s] Invoked command in '/home/pi/ros2_ws/build/ldlidar_sl_ros2' returned '0': CMAKE_PREFIX_PATH=${CMAKE_PREFIX_PATH}:/home/pi/ros2_ws/install/lidar_slam_bringup:/opt/ros/humble /usr/bin/cmake --build /home/pi/ros2_ws/build/ldlidar_sl_ros2 -- -j4 -l4
[1.044s] Invoking command in '/home/pi/ros2_ws/build/ldlidar_sl_ros2': CMAKE_PREFIX_PATH=${CMAKE_PREFIX_PATH}:/home/pi/ros2_ws/install/lidar_slam_bringup:/opt/ros/humble /usr/bin/cmake --install /home/pi/ros2_ws/build/ldlidar_sl_ros2
[1.085s] -- Install configuration: ""
[1.086s] -- Up-to-date: /home/pi/ros2_ws/install/ldlidar_sl_ros2/lib/ldlidar_sl_ros2/ldlidar_sl_ros2_node
[1.090s] -- Up-to-date: /home/pi/ros2_ws/install/ldlidar_sl_ros2/share/ldlidar_sl_ros2//launch
[1.096s] -- Up-to-date: /home/pi/ros2_ws/install/ldlidar_sl_ros2/share/ldlidar_sl_ros2//launch/viewer_ld14p.launch.py
[1.098s] -- Up-to-date: /home/pi/ros2_ws/install/ldlidar_sl_ros2/share/ldlidar_sl_ros2//launch/viewer_ld14.launch.py
[1.099s] -- Up-to-date: /home/pi/ros2_ws/install/ldlidar_sl_ros2/share/ldlidar_sl_ros2//launch/ld14p.launch.py
[1.101s] -- Up-to-date: /home/pi/ros2_ws/install/ldlidar_sl_ros2/share/ldlidar_sl_ros2//launch/ld14.launch.py
[1.103s] -- Up-to-date: /home/pi/ros2_ws/install/ldlidar_sl_ros2/share/ldlidar_sl_ros2//rviz2
[1.104s] -- Up-to-date: /home/pi/ros2_ws/install/ldlidar_sl_ros2/share/ldlidar_sl_ros2//rviz2/ldlidar.rviz
[1.106s] -- Up-to-date: /home/pi/ros2_ws/install/ldlidar_sl_ros2/share/ldlidar_sl_ros2//scripts
[1.124s] -- Up-to-date: /home/pi/ros2_ws/install/ldlidar_sl_ros2/share/ldlidar_sl_ros2//scripts/ldlidar.rules
[1.134s] -- Up-to-date: /home/pi/ros2_ws/install/ldlidar_sl_ros2/share/ldlidar_sl_ros2//scripts/create_udev_rules.sh
[1.137s] -- Up-to-date: /home/pi/ros2_ws/install/ldlidar_sl_ros2/share/ldlidar_sl_ros2//scripts/delete_udev_rules.sh
[1.142s] -- Up-to-date: /home/pi/ros2_ws/install/ldlidar_sl_ros2/share/ament_index/resource_index/package_run_dependencies/ldlidar_sl_ros2
[1.150s] -- Up-to-date: /home/pi/ros2_ws/install/ldlidar_sl_ros2/share/ament_index/resource_index/parent_prefix_path/ldlidar_sl_ros2
[1.152s] -- Up-to-date: /home/pi/ros2_ws/install/ldlidar_sl_ros2/share/ldlidar_sl_ros2/environment/ament_prefix_path.sh
[1.157s] -- Up-to-date: /home/pi/ros2_ws/install/ldlidar_sl_ros2/share/ldlidar_sl_ros2/environment/ament_prefix_path.dsv
[1.162s] -- Up-to-date: /home/pi/ros2_ws/install/ldlidar_sl_ros2/share/ldlidar_sl_ros2/environment/path.sh
[1.174s] -- Up-to-date: /home/pi/ros2_ws/install/ldlidar_sl_ros2/share/ldlidar_sl_ros2/environment/path.dsv
[1.176s] -- Up-to-date: /home/pi/ros2_ws/install/ldlidar_sl_ros2/share/ldlidar_sl_ros2/local_setup.bash
[1.178s] -- Up-to-date: /home/pi/ros2_ws/install/ldlidar_sl_ros2/share/ldlidar_sl_ros2/local_setup.sh
[1.180s] -- Up-to-date: /home/pi/ros2_ws/install/ldlidar_sl_ros2/share/ldlidar_sl_ros2/local_setup.zsh
[1.181s] -- Up-to-date: /home/pi/ros2_ws/install/ldlidar_sl_ros2/share/ldlidar_sl_ros2/local_setup.dsv
[1.181s] -- Installing: /home/pi/ros2_ws/install/ldlidar_sl_ros2/share/ldlidar_sl_ros2/package.dsv
[1.193s] -- Up-to-date: /home/pi/ros2_ws/install/ldlidar_sl_ros2/share/ament_index/resource_index/packages/ldlidar_sl_ros2
[1.194s] -- Up-to-date: /home/pi/ros2_ws/install/ldlidar_sl_ros2/share/ldlidar_sl_ros2/cmake/ldlidar_sl_ros2Config.cmake
[1.195s] -- Up-to-date: /home/pi/ros2_ws/install/ldlidar_sl_ros2/share/ldlidar_sl_ros2/cmake/ldlidar_sl_ros2Config-version.cmake
[1.198s] -- Up-to-date: /home/pi/ros2_ws/install/ldlidar_sl_ros2/share/ldlidar_sl_ros2/package.xml
[1.213s] Invoked command in '/home/pi/ros2_ws/build/ldlidar_sl_ros2' returned '0': CMAKE_PREFIX_PATH=${CMAKE_PREFIX_PATH}:/home/pi/ros2_ws/install/lidar_slam_bringup:/opt/ros/humble /usr/bin/cmake --install /home/pi/ros2_ws/build/ldlidar_sl_ros2
