[0.133s] Invoking command in '/home/pi/ros2_ws/build/ydlidar_ros2_driver': CMAKE_PREFIX_PATH=${CMAKE_PREFIX_PATH}:/home/pi/ros2_ws/install/lidar_slam_bringup:/opt/ros/humble /usr/bin/cmake --build /home/pi/ros2_ws/build/ydlidar_ros2_driver -- -j4 -l4
[0.780s] [35m[1mConsolidate compiler generated dependencies of target ydlidar_ros2_driver_node[0m
[0.940s] [ 50%] Built target ydlidar_ros2_driver_client
[0.979s] [100%] Built target ydlidar_ros2_driver_node
[1.106s] Invoked command in '/home/pi/ros2_ws/build/ydlidar_ros2_driver' returned '0': CMAKE_PREFIX_PATH=${CMAKE_PREFIX_PATH}:/home/pi/ros2_ws/install/lidar_slam_bringup:/opt/ros/humble /usr/bin/cmake --build /home/pi/ros2_ws/build/ydlidar_ros2_driver -- -j4 -l4
[1.118s] Invoking command in '/home/pi/ros2_ws/build/ydlidar_ros2_driver': CMAKE_PREFIX_PATH=${CMAKE_PREFIX_PATH}:/home/pi/ros2_ws/install/lidar_slam_bringup:/opt/ros/humble /usr/bin/cmake --install /home/pi/ros2_ws/build/ydlidar_ros2_driver
[1.198s] -- Install configuration: ""
[1.208s] -- Up-to-date: /home/pi/ros2_ws/install/ydlidar_ros2_driver/lib/ydlidar_ros2_driver/ydlidar_ros2_driver_node
[1.235s] -- Up-to-date: /home/pi/ros2_ws/install/ydlidar_ros2_driver/lib/ydlidar_ros2_driver/ydlidar_ros2_driver_client
[1.235s] -- Up-to-date: /home/pi/ros2_ws/install/ydlidar_ros2_driver/share/ydlidar_ros2_driver/launch
[1.236s] -- Up-to-date: /home/pi/ros2_ws/install/ydlidar_ros2_driver/share/ydlidar_ros2_driver/launch/ydlidar.py
[1.237s] -- Up-to-date: /home/pi/ros2_ws/install/ydlidar_ros2_driver/share/ydlidar_ros2_driver/launch/ydlidar_launch_view.py
[1.238s] -- Up-to-date: /home/pi/ros2_ws/install/ydlidar_ros2_driver/share/ydlidar_ros2_driver/launch/ydlidar_launch.py
[1.239s] -- Up-to-date: /home/pi/ros2_ws/install/ydlidar_ros2_driver/share/ydlidar_ros2_driver/params
[1.239s] -- Up-to-date: /home/pi/ros2_ws/install/ydlidar_ros2_driver/share/ydlidar_ros2_driver/params/TminiPro.yaml
[1.240s] -- Up-to-date: /home/pi/ros2_ws/install/ydlidar_ros2_driver/share/ydlidar_ros2_driver/params/X2.yaml
[1.241s] -- Up-to-date: /home/pi/ros2_ws/install/ydlidar_ros2_driver/share/ydlidar_ros2_driver/params/GS2.yaml
[1.241s] -- Up-to-date: /home/pi/ros2_ws/install/ydlidar_ros2_driver/share/ydlidar_ros2_driver/params/G2.yaml
[1.242s] -- Up-to-date: /home/pi/ros2_ws/install/ydlidar_ros2_driver/share/ydlidar_ros2_driver/params/X4.yaml
[1.242s] -- Up-to-date: /home/pi/ros2_ws/install/ydlidar_ros2_driver/share/ydlidar_ros2_driver/params/G1.yaml
[1.243s] -- Up-to-date: /home/pi/ros2_ws/install/ydlidar_ros2_driver/share/ydlidar_ros2_driver/params/TG.yaml
[1.243s] -- Up-to-date: /home/pi/ros2_ws/install/ydlidar_ros2_driver/share/ydlidar_ros2_driver/params/ydlidar.yaml
[1.243s] -- Up-to-date: /home/pi/ros2_ws/install/ydlidar_ros2_driver/share/ydlidar_ros2_driver/params/TEA.yaml
[1.244s] -- Up-to-date: /home/pi/ros2_ws/install/ydlidar_ros2_driver/share/ydlidar_ros2_driver/params/X4-Pro.yaml
[1.244s] -- Up-to-date: /home/pi/ros2_ws/install/ydlidar_ros2_driver/share/ydlidar_ros2_driver/params/G6.yaml
[1.245s] -- Up-to-date: /home/pi/ros2_ws/install/ydlidar_ros2_driver/share/ydlidar_ros2_driver/startup
[1.245s] -- Up-to-date: /home/pi/ros2_ws/install/ydlidar_ros2_driver/share/ydlidar_ros2_driver/startup/initenv.sh
[1.245s] -- Up-to-date: /home/pi/ros2_ws/install/ydlidar_ros2_driver/share/ydlidar_ros2_driver/config
[1.263s] -- Up-to-date: /home/pi/ros2_ws/install/ydlidar_ros2_driver/share/ydlidar_ros2_driver/config/ydlidar.rviz
[1.264s] -- Up-to-date: /home/pi/ros2_ws/install/ydlidar_ros2_driver/share/ament_index/resource_index/package_run_dependencies/ydlidar_ros2_driver
[1.264s] -- Up-to-date: /home/pi/ros2_ws/install/ydlidar_ros2_driver/share/ament_index/resource_index/parent_prefix_path/ydlidar_ros2_driver
[1.268s] -- Up-to-date: /home/pi/ros2_ws/install/ydlidar_ros2_driver/share/ydlidar_ros2_driver/environment/ament_prefix_path.sh
[1.269s] -- Up-to-date: /home/pi/ros2_ws/install/ydlidar_ros2_driver/share/ydlidar_ros2_driver/environment/ament_prefix_path.dsv
[1.269s] -- Up-to-date: /home/pi/ros2_ws/install/ydlidar_ros2_driver/share/ydlidar_ros2_driver/environment/path.sh
[1.272s] -- Up-to-date: /home/pi/ros2_ws/install/ydlidar_ros2_driver/share/ydlidar_ros2_driver/environment/path.dsv
[1.274s] -- Up-to-date: /home/pi/ros2_ws/install/ydlidar_ros2_driver/share/ydlidar_ros2_driver/local_setup.bash
[1.278s] -- Up-to-date: /home/pi/ros2_ws/install/ydlidar_ros2_driver/share/ydlidar_ros2_driver/local_setup.sh
[1.280s] -- Up-to-date: /home/pi/ros2_ws/install/ydlidar_ros2_driver/share/ydlidar_ros2_driver/local_setup.zsh
[1.281s] -- Up-to-date: /home/pi/ros2_ws/install/ydlidar_ros2_driver/share/ydlidar_ros2_driver/local_setup.dsv
[1.285s] -- Installing: /home/pi/ros2_ws/install/ydlidar_ros2_driver/share/ydlidar_ros2_driver/package.dsv
[1.287s] -- Up-to-date: /home/pi/ros2_ws/install/ydlidar_ros2_driver/share/ament_index/resource_index/packages/ydlidar_ros2_driver
[1.298s] -- Up-to-date: /home/pi/ros2_ws/install/ydlidar_ros2_driver/share/ydlidar_ros2_driver/cmake/ydlidar_ros2_driverConfig.cmake
[1.299s] -- Up-to-date: /home/pi/ros2_ws/install/ydlidar_ros2_driver/share/ydlidar_ros2_driver/cmake/ydlidar_ros2_driverConfig-version.cmake
[1.306s] -- Up-to-date: /home/pi/ros2_ws/install/ydlidar_ros2_driver/share/ydlidar_ros2_driver/package.xml
[1.420s] Invoked command in '/home/pi/ros2_ws/build/ydlidar_ros2_driver' returned '0': CMAKE_PREFIX_PATH=${CMAKE_PREFIX_PATH}:/home/pi/ros2_ws/install/lidar_slam_bringup:/opt/ros/humble /usr/bin/cmake --install /home/pi/ros2_ws/build/ydlidar_ros2_driver
